Component: ARM Compiler 5.05 update 1 (build 106) Tool: armlink [4d0efa]

==============================================================================

Section Cross References

    main.o(i.EXTI0_IRQHandler) refers to motor.o(i.Set_Pwmm) for Set_Pwmm
    main.o(i.EXTI0_IRQHandler) refers to stm32f10x_exti.o(i.EXTI_ClearITPendingBit) for EXTI_ClearITPendingBit
    main.o(i.EXTI0_IRQHandler) refers to main.o(.data) for roadtime
    main.o(i.EXTI1_IRQHandler) refers to motor.o(i.Set_Pwmm) for Set_Pwmm
    main.o(i.EXTI1_IRQHandler) refers to stm32f10x_exti.o(i.EXTI_ClearITPendingBit) for EXTI_ClearITPendingBit
    main.o(i.EXTI1_IRQHandler) refers to main.o(.data) for roadtime
    main.o(i.EXTI3_IRQHandler) refers to motor.o(i.Set_Pwmm) for Set_Pwmm
    main.o(i.EXTI3_IRQHandler) refers to stm32f10x_exti.o(i.EXTI_ClearITPendingBit) for EXTI_ClearITPendingBit
    main.o(i.EXTI3_IRQHandler) refers to main.o(.data) for roadtime
    main.o(i.EXTI9_5_IRQHandler) refers to motor.o(i.Set_Pwmm) for Set_Pwmm
    main.o(i.EXTI9_5_IRQHandler) refers to stm32f10x_exti.o(i.EXTI_ClearITPendingBit) for EXTI_ClearITPendingBit
    main.o(i.EXTI9_5_IRQHandler) refers to main.o(.data) for roadtime
    main.o(i.GpuSend) refers to stm32f10x_usart.o(i.USART_SendData) for USART_SendData
    main.o(i.GpuSend) refers to stm32f10x_usart.o(i.USART_GetFlagStatus) for USART_GetFlagStatus
    main.o(i.MPU6050_DATE) refers to inv_mpu.o(i.mpu_dmp_get_data) for mpu_dmp_get_data
    main.o(i.MPU6050_DATE) refers to mpu6050.o(i.MPU_Get_Temperature) for MPU_Get_Temperature
    main.o(i.MPU6050_DATE) refers to mpu6050.o(i.MPU_Get_Accelerometer) for MPU_Get_Accelerometer
    main.o(i.MPU6050_DATE) refers to mpu6050.o(i.MPU_Get_Gyroscope) for MPU_Get_Gyroscope
    main.o(i.MPU6050_DATE) refers to fflt_clz.o(x$fpl$fflt) for __aeabi_i2f
    main.o(i.MPU6050_DATE) refers to fmul.o(x$fpl$fmul) for __aeabi_fmul
    main.o(i.MPU6050_DATE) refers to faddsub_clz.o(x$fpl$fadd) for __aeabi_fadd
    main.o(i.MPU6050_DATE) refers to ffix.o(x$fpl$ffix) for __aeabi_f2iz
    main.o(i.MPU6050_DATE) refers to main.o(.data) for temp0
    main.o(i.TIM6_IRQHandler) refers to _printf_percent.o(.ARM.Collect$$_printf_percent$$00000000) for _printf_percent
    main.o(i.TIM6_IRQHandler) refers to _printf_d.o(.ARM.Collect$$_printf_percent$$00000009) for _printf_d
    main.o(i.TIM6_IRQHandler) refers to _printf_dec.o(.text) for _printf_int_dec
    main.o(i.TIM6_IRQHandler) refers to stm32f10x_tim.o(i.TIM_GetITStatus) for TIM_GetITStatus
    main.o(i.TIM6_IRQHandler) refers to noretval__2printf.o(.text) for __2printf
    main.o(i.TIM6_IRQHandler) refers to main.o(i.MPU6050_DATE) for MPU6050_DATE
    main.o(i.TIM6_IRQHandler) refers to dflt_clz.o(x$fpl$dflt) for __aeabi_i2d
    main.o(i.TIM6_IRQHandler) refers to dmul.o(x$fpl$dmul) for __aeabi_dmul
    main.o(i.TIM6_IRQHandler) refers to ddiv.o(x$fpl$ddiv) for __aeabi_ddiv
    main.o(i.TIM6_IRQHandler) refers to d2f.o(x$fpl$d2f) for __aeabi_d2f
    main.o(i.TIM6_IRQHandler) refers to stm32f10x_tim.o(i.TIM_ClearITPendingBit) for TIM_ClearITPendingBit
    main.o(i.TIM6_IRQHandler) refers to main.o(.data) for rx4
    main.o(i.TIM6_IRQHandler) refers to main.o(.bss) for mpuangle
    main.o(i.TIM7_IRQHandler) refers to stm32f10x_tim.o(i.TIM_GetITStatus) for TIM_GetITStatus
    main.o(i.TIM7_IRQHandler) refers to stm32f10x_tim.o(i.TIM_ClearITPendingBit) for TIM_ClearITPendingBit
    main.o(i.TIM7_IRQHandler) refers to encoder.o(i.Get_Motor_Speed) for Get_Motor_Speed
    main.o(i.TIM7_IRQHandler) refers to main.o(.data) for rightSpeedNow2
    main.o(i.TRACING_CALIBRATION_ROADING) refers to fmul.o(x$fpl$fmul) for __aeabi_fmul
    main.o(i.TRACING_CALIBRATION_ROADING) refers to fflt_clz.o(x$fpl$fflt) for __aeabi_i2f
    main.o(i.TRACING_CALIBRATION_ROADING) refers to faddsub_clz.o(x$fpl$fsub) for __aeabi_fsub
    main.o(i.TRACING_CALIBRATION_ROADING) refers to ffix.o(x$fpl$ffix) for __aeabi_f2iz
    main.o(i.TRACING_CALIBRATION_ROADING) refers to faddsub_clz.o(x$fpl$fadd) for __aeabi_fadd
    main.o(i.TRACING_CALIBRATION_ROADING) refers to motor.o(i.Set_Pwmm) for Set_Pwmm
    main.o(i.TRACING_CALIBRATION_ROADING) refers to faddsub_clz.o(x$fpl$frsb) for __aeabi_frsub
    main.o(i.TRACING_CALIBRATION_ROADING) refers to ffixu.o(x$fpl$ffixu) for __aeabi_f2uiz
    main.o(i.TRACING_CALIBRATION_ROADING) refers to main.o(.data) for mpucon
    main.o(i.TRACING_CALIBRATION_ROADING) refers to motor.o(i.Timer3_PWM_SetDutyCycle) for Timer3_PWM_SetDutyCycle
    main.o(i.TRACING_CALIBRATION_ROADINGON) refers to main.o(i.TRACING_CALIBRATION_ROADING) for TRACING_CALIBRATION_ROADING
    main.o(i.TRACING_CALIBRATION_ROADINGON) refers to main.o(.data) for roadtime
    main.o(i.UART4_IRQHandler) refers to stm32f10x_usart.o(i.USART_GetITStatus) for USART_GetITStatus
    main.o(i.UART4_IRQHandler) refers to stm32f10x_usart.o(i.USART_ClearITPendingBit) for USART_ClearITPendingBit
[...]
    __scatterload                            0x08000139   Thumb Code     0  __scatter.o(!!!scatter)
    __scatterload_rt2                        0x08000139   Thumb Code    44  __scatter.o(!!!scatter)
    __scatterload_rt2_thumb_only             0x08000139   Thumb Code     0  __scatter.o(!!!scatter)
    __scatterload_null                       0x08000147   Thumb Code     0  __scatter.o(!!!scatter)
    __decompress                             0x0800016d   Thumb Code    90  __dczerorl2.o(!!dczerorl2)
    __decompress1                            0x0800016d   Thumb Code     0  __dczerorl2.o(!!dczerorl2)
    __scatterload_zeroinit                   0x080001c9   Thumb Code    28  __scatter_zi.o(!!handler_zi)
    _printf_d                                0x080001e5   Thumb Code     0  _printf_d.o(.ARM.Collect$$_printf_percent$$00000009)
    _printf_percent                          0x080001e5   Thumb Code     0  _printf_percent.o(.ARM.Collect$$_printf_percent$$00000000)
    _printf_percent_end                      0x080001eb   Thumb Code     0  _printf_percent_end.o(.ARM.Collect$$_printf_percent$$00000017)
    __rt_lib_init                            0x080001ef   Thumb Code     0  libinit.o(.ARM.Collect$$libinit$$00000000)
    __rt_lib_init_alloca_1                   0x080001f1   Thumb Code     0  libinit2.o(.ARM.Collect$$libinit$$0000002E)
    __rt_lib_init_argv_1                     0x080001f1   Thumb Code     0  libinit2.o(.ARM.Collect$$libinit$$0000002C)
    __rt_lib_init_atexit_1                   0x080001f1   Thumb Code     0  libinit2.o(.ARM.Collect$$libinit$$0000001B)
    __rt_lib_init_clock_1                    0x080001f1   Thumb Code     0  libinit2.o(.ARM.Collect$$libinit$$00000021)
    __rt_lib_init_cpp_1                      0x080001f1   Thumb Code     0  libinit2.o(.ARM.Collect$$libinit$$00000032)
    __rt_lib_init_exceptions_1               0x080001f1   Thumb Code     0  libinit2.o(.ARM.Collect$$libinit$$00000030)
    __rt_lib_init_fp_1                       0x080001f1   Thumb Code     0  libinit2.o(.ARM.Collect$$libinit$$00000002)
    __rt_lib_init_fp_trap_1                  0x080001f1   Thumb Code     0  libinit2.o(.ARM.Collect$$libinit$$0000001F)
    __rt_lib_init_getenv_1                   0x080001f1   Thumb Code     0  libinit2.o(.ARM.Collect$$libinit$$00000023)
    __rt_lib_init_heap_1                     0x080001f1   Thumb Code     0  libinit2.o(.ARM.Collect$$libinit$$0000000A)
    __rt_lib_init_lc_collate_1               0x080001f1   Thumb Code     0  libinit2.o(.ARM.Collect$$libinit$$00000011)
    __rt_lib_init_lc_ctype_1                 0x080001f1   Thumb Code     0  libinit2.o(.ARM.Collect$$libinit$$00000013)
    __rt_lib_init_lc_monetary_1              0x080001f1   Thumb Code     0  libinit2.o(.ARM.Collect$$libinit$$00000015)
    __rt_lib_init_lc_numeric_1               0x080001f1   Thumb Code     0  libinit2.o(.ARM.Collect$$libinit$$00000017)
    __rt_lib_init_lc_time_1                  0x080001f1   Thumb Code     0  libinit2.o(.ARM.Collect$$libinit$$00000019)
    __rt_lib_init_preinit_1                  0x080001f1   Thumb Code     0  libinit2.o(.ARM.Collect$$libinit$$00000004)
    __rt_lib_init_rand_1                     0x080001f1   Thumb Code     0  libinit2.o(.ARM.Collect$$libinit$$0000000E)
    __rt_lib_init_return                     0x080001f1   Thumb Code     0  libinit2.o(.ARM.Collect$$libinit$$00000033)
    __rt_lib_init_signal_1                   0x080001f1   Thumb Code     0  libinit2.o(.ARM.Collect$$libinit$$0000001D)
    __rt_lib_init_stdio_1                    0x080001f1   Thumb Code     0  libinit2.o(.ARM.Collect$$libinit$$00000025)
    __rt_lib_init_user_alloc_1               0x080001f1   Thumb Code     0  libinit2.o(.ARM.Collect$$libinit$$0000000C)
    __rt_lib_shutdown                        0x080001f3   Thumb Code     0  libshutdown.o(.ARM.Collect$$libshutdown$$00000000)
    __rt_lib_shutdown_fp_trap_1              0x080001f5   Thumb Code     0  libshutdown2.o(.ARM.Collect$$libshutdown$$00000006)
    __rt_lib_shutdown_heap_1                 0x080001f5   Thumb Code     0  libshutdown2.o(.ARM.Collect$$libshutdown$$0000000E)
    __rt_lib_shutdown_return                 0x080001f5   Thumb Code     0  libshutdown2.o(.ARM.Collect$$libshutdown$$0000000F)
    __rt_lib_shutdown_signal_1               0x080001f5   Thumb Code     0  libshutdown2.o(.ARM.Collect$$libshutdown$$00000009)
    __rt_lib_shutdown_stdio_1                0x080001f5   Thumb Code     0  libshutdown2.o(.ARM.Collect$$libshutdown$$00000003)
    __rt_lib_shutdown_user_alloc_1           0x080001f5   Thumb Code     0  libshutdown2.o(.ARM.Collect$$libshutdown$$0000000B)
    __rt_entry                               0x080001f7   Thumb Code     0  __rtentry.o(.ARM.Collect$$rtentry$$00000000)
    __rt_entry_presh_1                       0x080001f7   Thumb Code     0  __rtentry2.o(.ARM.Collect$$rtentry$$00000002)
    __rt_entry_sh                            0x080001f7   Thumb Code     0  __rtentry4.o(.ARM.Collect$$rtentry$$00000004)
    __rt_entry_li                            0x080001fd   Thumb Code     0  __rtentry2.o(.ARM.Collect$$rtentry$$0000000A)
    __rt_entry_postsh_1                      0x080001fd   Thumb Code     0  __rtentry2.o(.ARM.Collect$$rtentry$$00000009)
    __rt_entry_main                          0x08000201   Thumb Code     0  __rtentry2.o(.ARM.Collect$$rtentry$$0000000D)
    __rt_entry_postli_1                      0x08000201   Thumb Code     0  __rtentry2.o(.ARM.Collect$$rtentry$$0000000C)
    __rt_exit                                0x08000209   Thumb Code     0  rtexit.o(.ARM.Collect$$rtexit$$00000000)
    __rt_exit_ls                             0x0800020b   Thumb Code     0  rtexit2.o(.ARM.Collect$$rtexit$$00000003)
    __rt_exit_prels_1                        0x0800020b   Thumb Code     0  rtexit2.o(.ARM.Collect$$rtexit$$00000002)
    __rt_exit_exit                           0x0800020f   Thumb Code     0  rtexit2.o(.ARM.Collect$$rtexit$$00000004)
    Reset_Handler                            0x08000215   Thumb Code     8  startup_stm32f10x_hd.o(.text)
    ADC1_2_IRQHandler                        0x0800022f   Thumb Code     0  startup_stm32f10x_hd.o(.text)
    ADC3_IRQHandler                          0x0800022f   Thumb Code     0  startup_stm32f10x_hd.o(.text)
    CAN1_RX1_IRQHandler                      0x0800022f   Thumb Code     0  startup_stm32f10x_hd.o(.text)
    CAN1_SCE_IRQHandler                      0x0800022f   Thumb Code     0  startup_stm32f10x_hd.o(.text)
    DMA1_Channel1_IRQHandler                 0x0800022f   Thumb Code     0  startup_stm32f10x_hd.o(.text)
    DMA1_Channel2_IRQHandler                 0x0800022f   Thumb Code     0  startup_stm32f10x_hd.o(.text)
    DMA1_Channel3_IRQHandler                 0x0800022f   Thumb Code     0  startup_stm32f10x_hd.o(.text)
    DMA1_Channel4_IRQHandler                 0x0800022f   Thumb Code     0  startup_stm32f10x_hd.o(.text)
    DMA1_Channel5_IRQHandler                 0x0800022f   Thumb Code     0  startup_stm32f10x_hd.o(.text)
    DMA1_Channel6_IRQHandler                 0x0800022f   Thumb Code     0  startup_stm32f10x_hd.o(.text)
    DMA1_Channel7_IRQHandler                 0x0800022f   Thumb Code     0  startup_stm32f10x_hd.o(.text)
    DMA2_Channel1_IRQHandler                 0x0800022f   Thumb Code     0  startup_stm32f10x_hd.o(.text)
    DMA2_Channel2_IRQHandler                 0x0800022f   Thumb Code     0  startup_stm32f10x_hd.o(.text)
    DMA2_Channel3_IRQHandler                 0x0800022f   Thumb Code     0  startup_stm32f10x_hd.o(.text)
    DMA2_Channel4_5_IRQHandler               0x0800022f   Thumb Code     0  startup_stm32f10x_hd.o(.text)
    EXTI15_10_IRQHandler                     0x0800022f   Thumb Code     0  startup_stm32f10x_hd.o(.text)
    EXTI2_IRQHandler                         0x0800022f   Thumb Code     0  startup_stm32f10x_hd.o(.text)
    EXTI4_IRQHandler                         0x0800022f   Thumb Code     0  startup_stm32f10x_hd.o(.text)
    FLASH_IRQHandler                         0x0800022f   Thumb Code     0  startup_stm32f10x_hd.o(.text)
    FSMC_IRQHandler                          0x0800022f   Thumb Code     0  startup_stm32f10x_hd.o(.text)
    I2C1_ER_IRQHandler                       0x0800022f   Thumb Code     0  startup_stm32f10x_hd.o(.text)
    I2C1_EV_IRQHandler                       0x0800022f   Thumb Code     0  startup_stm32f10x_hd.o(.text)
    I2C2_ER_IRQHandler                       0x0800022f   Thumb Code     0  startup_stm32f10x_hd.o(.text)
    I2C2_EV_IRQHandler                       0x0800022f   Thumb Code     0  startup_stm32f10x_hd.o(.text)
    PVD_IRQHandler                           0x0800022f   Thumb Code     0  startup_stm32f10x_hd.o(.text)
    RCC_IRQHandler                           0x0800022f   Thumb Code     0  startup_stm32f10x_hd.o(.text)
    RTCAlarm_IRQHandler                      0x0800022f   Thumb Code     0  startup_stm32f10x_hd.o(.text)
    RTC_IRQHandler                           0x0800022f   Thumb Code     0  startup_stm32f10x_hd.o(.text)
    SDIO_IRQHandler                          0x0800022f   Thumb Code     0  startup_stm32f10x_hd.o(.text)
    SPI1_IRQHandler                          0x0800022f   Thumb Code     0  startup_stm32f10x_hd.o(.text)
    SPI2_IRQHandler                          0x0800022f   Thumb Code     0  startup_stm32f10x_hd.o(.text)
    SPI3_IRQHandler                          0x0800022f   Thumb Code     0  startup_stm32f10x_hd.o(.text)
    TAMPER_IRQHandler                        0x0800022f   Thumb Code     0  startup_stm32f10x_hd.o(.text)
    TIM1_BRK_IRQHandler                      0x0800022f   Thumb Code     0  startup_stm32f10x_hd.o(.text)
    TIM1_CC_IRQHandler                       0x0800022f   Thumb Code     0  startup_stm32f10x_hd.o(.text)
    TIM1_TRG_COM_IRQHandler                  0x0800022f   Thumb Code     0  startup_stm32f10x_hd.o(.text)
    TIM1_UP_IRQHandler                       0x0800022f   Thumb Code     0  startup_stm32f10x_hd.o(.text)
    TIM2_IRQHandler                          0x0800022f   Thumb Code     0  startup_stm32f10x_hd.o(.text)
    TIM3_IRQHandler                          0x0800022f   Thumb Code     0  startup_stm32f10x_hd.o(.text)
    TIM4_IRQHandler                          0x0800022f   Thumb Code     0  startup_stm32f10x_hd.o(.text)
    TIM5_IRQHandler                          0x0800022f   Thumb Code     0  startup_stm32f10x_hd.o(.text)
    TIM8_BRK_IRQHandler                      0x0800022f   Thumb Code     0  startup_stm32f10x_hd.o(.text)
    TIM8_CC_IRQHandler                       0x0800022f   Thumb Code     0  startup_stm32f10x_hd.o(.text)
    TIM8_TRG_COM_IRQHandler                  0x0800022f   Thumb Code     0  startup_stm32f10x_hd.o(.text)
    TIM8_UP_IRQHandler                       0x0800022f   Thumb Code     0  startup_stm32f10x_hd.o(.text)
    UART5_IRQHandler                         0x0800022f   Thumb Code     0  startup_stm32f10x_hd.o(.text)
    USART3_IRQHandler                        0x0800022f   Thumb Code     0  startup_stm32f10x_hd.o(.text)
    USBWakeUp_IRQHandler                     0x0800022f   Thumb Code     0  startup_stm32f10x_hd.o(.text)
    USB_HP_CAN1_TX_IRQHandler                0x0800022f   Thumb Code     0  startup_stm32f10x_hd.o(.text)
    USB_LP_CAN1_RX0_IRQHandler               0x0800022f   Thumb Code     0  startup_stm32f10x_hd.o(.text)
    WWDG_IRQHandler                          0x0800022f   Thumb Code     0  startup_stm32f10x_hd.o(.text)
    __user_initial_stackheap                 0x08000231   Thumb Code     0  startup_stm32f10x_hd.o(.text)
    __use_no_semihosting                     0x08000255   Thumb Code     2  use_no_semi_2.o(.text)
    __aeabi_ldivmod                          0x08000257   Thumb Code     0  llsdiv.o(.text)
    _ll_sdiv                                 0x08000257   Thumb Code    72  llsdiv.o(.text)
    __2printf                                0x080002a1   Thumb Code    20  noretval__2printf.o(.text)
    _printf_int_dec                          0x080002b9   Thumb Code   104  _printf_dec.o(.text)
    __printf                                 0x08000331   Thumb Code   308  __printf_flags_wp.o(.text)
    memcmp                                   0x08000469   Thumb Code    88  memcmp.o(.text)
    __aeabi_memcpy                           0x080004c1   Thumb Code     0  rt_memcpy_v6.o(.text)
    __rt_memcpy                              0x080004c1   Thumb Code   138  rt_memcpy_v6.o(.text)
    _memcpy_lastbytes                        0x08000527   Thumb Code     0  rt_memcpy_v6.o(.text)
    __aeabi_memset                           0x0800054b   Thumb Code    16  aeabi_memset.o(.text)
    __aeabi_memclr4                          0x0800055b   Thumb Code     0  rt_memclr_w.o(.text)
    __aeabi_memclr8                          0x0800055b   Thumb Code     0  rt_memclr_w.o(.text)
    __rt_memclr_w                            0x0800055b   Thumb Code    78  rt_memclr_w.o(.text)
    _memset_w                                0x0800055f   Thumb Code     0  rt_memclr_w.o(.text)
    __use_two_region_memory                  0x080005a9   Thumb Code     2  heapauxi.o(.text)
    __rt_heap_escrow$2region                 0x080005ab   Thumb Code     2  heapauxi.o(.text)
    __rt_heap_expand$2region                 0x080005ad   Thumb Code     2  heapauxi.o(.text)
    __I$use$semihosting                      0x080005af   Thumb Code     0  use_no_semi.o(.text)
    __use_no_semihosting_swi                 0x080005af   Thumb Code     2  use_no_semi.o(.text)
    __aeabi_uldivmod                         0x080005b1   Thumb Code     0  lludivv7m.o(.text)
    _ll_udiv                                 0x080005b1   Thumb Code   238  lludivv7m.o(.text)
    __read_errno                             0x0800069f   Thumb Code    10  _rserrno.o(.text)
    __set_errno                              0x080006a9   Thumb Code    12  _rserrno.o(.text)
    _printf_int_common                       0x080006b5   Thumb Code   178  _printf_intcommon.o(.text)
    _printf_char_file                        0x08000769   Thumb Code    32  _printf_char_file.o(.text)
    __aeabi_memcpy4                          0x0800078d   Thumb Code     0  rt_memcpy_w.o(.text)
    __aeabi_memcpy8                          0x0800078d   Thumb Code     0  rt_memcpy_w.o(.text)
    __rt_memcpy_w                            0x0800078d   Thumb Code   100  rt_memcpy_w.o(.text)
    _memcpy_lastbytes_aligned                0x080007d5   Thumb Code     0  rt_memcpy_w.o(.text)
    __aeabi_memclr                           0x080007f1   Thumb Code     0  rt_memclr.o(.text)
    __rt_memclr                              0x080007f1   Thumb Code    68  rt_memclr.o(.text)
    _memset                                  0x080007f5   Thumb Code     0  rt_memclr.o(.text)
    __aeabi_errno_addr                       0x08000835   Thumb Code     8  rt_errno_addr_intlibspace.o(.text)
    __errno$intlibspace                      0x08000835   Thumb Code     0  rt_errno_addr_intlibspace.o(.text)
    __rt_errno_addr$intlibspace              0x08000835   Thumb Code     0  rt_errno_addr_intlibspace.o(.text)
    _printf_char_common                      0x08000847   Thumb Code    32  _printf_char_common.o(.text)
    ferror                                   0x0800086d   Thumb Code     8  ferror.o(.text)
    __user_libspace                          0x08000875   Thumb Code     8  libspace.o(.text)
    __user_perproc_libspace                  0x08000875   Thumb Code     0  libspace.o(.text)
    __user_perthread_libspace                0x08000875   Thumb Code     0  libspace.o(.text)
    __user_setup_stackheap                   0x0800087d   Thumb Code    74  sys_stackheap_outer.o(.text)
    exit                                     0x080008c7   Thumb Code    12  exit.o(.text)
    BusFault_Handler                         0x080008d3   Thumb Code     4  stm32f10x_it.o(i.BusFault_Handler)
    DebugMon_Handler                         0x080008d7   Thumb Code     2  stm32f10x_it.o(i.DebugMon_Handler)
    EXTI0_IRQHandler                         0x080008d9   Thumb Code    84  main.o(i.EXTI0_IRQHandler)
    EXTI1_IRQHandler                         0x08000935   Thumb Code    84  main.o(i.EXTI1_IRQHandler)
    EXTI3_IRQHandler                         0x08000991   Thumb Code    78  main.o(i.EXTI3_IRQHandler)
    EXTI9_5_IRQHandler                       0x080009e9   Thumb Code    82  main.o(i.EXTI9_5_IRQHandler)
    EXTIX_Init                               0x08000a45   Thumb Code   260  exti.o(i.EXTIX_Init)
    EXTI_ClearITPendingBit                   0x08000b49   Thumb Code     6  stm32f10x_exti.o(i.EXTI_ClearITPendingBit)
    EXTI_Init                                0x08000b55   Thumb Code   142  stm32f10x_exti.o(i.EXTI_Init)
    GPIO_EXTILineConfig                      0x08000be9   Thumb Code    60  stm32f10x_gpio.o(i.GPIO_EXTILineConfig)
    GPIO_Init                                0x08000c29   Thumb Code   278  stm32f10x_gpio.o(i.GPIO_Init)
    GPIO_PinRemapConfig                      0x08000d41   Thumb Code   138  stm32f10x_gpio.o(i.GPIO_PinRemapConfig)
    GPIO_SetBits                             0x08000dd1   Thumb Code     4  stm32f10x_gpio.o(i.GPIO_SetBits)
    GPIO_StructInit                          0x08000dd5   Thumb Code    16  stm32f10x_gpio.o(i.GPIO_StructInit)
    Get_Motor_Speed                          0x08000de5   Thumb Code    64  encoder.o(i.Get_Motor_Speed)
    HardFault_Handler                        0x08000e31   Thumb Code     4  stm32f10x_it.o(i.HardFault_Handler)
    IQR_STOP                                 0x08000e35   Thumb Code    44  main.o(i.IQR_STOP)
    LED_Init                                 0x08000e65   Thumb Code    94  led.o(i.LED_Init)
    MPU6050_DATE                             0x08000ed1   Thumb Code   120  main.o(i.MPU6050_DATE)
    MPU_Get_Accelerometer                    0x08000f59   Thumb Code    80  mpu6050.o(i.MPU_Get_Accelerometer)
    MPU_Get_Gyroscope                        0x08000fa9   Thumb Code    80  mpu6050.o(i.MPU_Get_Gyroscope)
    MPU_Get_Temperature                      0x08000ff9   Thumb Code    86  mpu6050.o(i.MPU_Get_Temperature)
    MPU_IIC_Ack                              0x08001061   Thumb Code    62  mpuiic.o(i.MPU_IIC_Ack)
    MPU_IIC_Delay                            0x080010ad   Thumb Code    10  mpuiic.o(i.MPU_IIC_Delay)
    MPU_IIC_Init                             0x080010b9   Thumb Code    50  mpuiic.o(i.MPU_IIC_Init)
    MPU_IIC_NAck                             0x080010f1   Thumb Code    62  mpuiic.o(i.MPU_IIC_NAck)
    MPU_IIC_Read_Byte                        0x0800113d   Thumb Code    94  mpuiic.o(i.MPU_IIC_Read_Byte)
    MPU_IIC_Send_Byte                        0x080011a9   Thumb Code    80  mpuiic.o(i.MPU_IIC_Send_Byte)
    MPU_IIC_Start                            0x08001205   Thumb Code    60  mpuiic.o(i.MPU_IIC_Start)
    MPU_IIC_Stop                             0x0800124d   Thumb Code    58  mpuiic.o(i.MPU_IIC_Stop)
    MPU_IIC_Wait_Ack                         0x08001295   Thumb Code    86  mpuiic.o(i.MPU_IIC_Wait_Ack)
    MPU_Init                                 0x080012f9   Thumb Code   180  mpu6050.o(i.MPU_Init)
    MPU_Read_Byte                            0x080013b9   Thumb Code    58  mpu6050.o(i.MPU_Read_Byte)
    MPU_Read_Len                             0x080013f3   Thumb Code   116  mpu6050.o(i.MPU_Read_Len)
    MPU_Set_Accel_Fsr                        0x08001467   Thumb Code    16  mpu6050.o(i.MPU_Set_Accel_Fsr)
    MPU_Set_Gyro_Fsr                         0x08001477   Thumb Code    16  mpu6050.o(i.MPU_Set_Gyro_Fsr)
    MPU_Set_LPF                              0x08001487   Thumb Code    58  mpu6050.o(i.MPU_Set_LPF)
    MPU_Set_Rate                             0x080014c1   Thumb Code    58  mpu6050.o(i.MPU_Set_Rate)
    MPU_Write_Byte                           0x080014fb   Thumb Code    68  mpu6050.o(i.MPU_Write_Byte)
    MPU_Write_Len                            0x0800153f   Thumb Code    96  mpu6050.o(i.MPU_Write_Len)
    MemManage_Handler                        0x0800159f   Thumb Code     4  stm32f10x_it.o(i.MemManage_Handler)
    Motor_Back                               0x080015a5   Thumb Code    90  motor.o(i.Motor_Back)
    Motor_Stop                               0x08001625   Thumb Code   248  motor.o(i.Motor_Stop)
    Motor_Straight                           0x08001745   Thumb Code    90  motor.o(i.Motor_Straight)
    Motor_TLEFT                              0x080017c5   Thumb Code    74  motor.o(i.Motor_TLEFT)
    Motor_TRIGHT                             0x08001835   Thumb Code    92  motor.o(i.Motor_TRIGHT)
    Motor_TurnL                              0x080018b5   Thumb Code    70  motor.o(i.Motor_TurnL)
    Motor_TurnR                              0x08001911   Thumb Code    70  motor.o(i.Motor_TurnR)
    Motor_XIE                                0x0800196d   Thumb Code   410  motor.o(i.Motor_XIE)
    NMI_Handler                              0x08001b2d   Thumb Code     2  stm32f10x_it.o(i.NMI_Handler)
    NVIC_Init                                0x08001b31   Thumb Code   100  misc.o(i.NVIC_Init)
    NVIC_PriorityGroupConfig                 0x08001ba1   Thumb Code    10  misc.o(i.NVIC_PriorityGroupConfig)
    PID_Init                                 0x08001bb5   Thumb Code   172  pid.o(i.PID_Init)
    PID_common                               0x08001c71   Thumb Code    80  pid.o(i.PID_common)
    PendSV_Handler                           0x08001cc1   Thumb Code     2  stm32f10x_it.o(i.PendSV_Handler)
    Pid_Ctrl                                 0x08001cc5   Thumb Code    72  pid.o(i.Pid_Ctrl)
    Pid_Which                                0x08001d1d   Thumb Code   180  pid.o(i.Pid_Which)
    Pwmin_init                               0x08001dd1   Thumb Code    80  timer.o(i.Pwmin_init)
    RCC_APB1PeriphClockCmd                   0x08001e29   Thumb Code    26  stm32f10x_rcc.o(i.RCC_APB1PeriphClockCmd)
    RCC_APB1PeriphResetCmd                   0x08001e49   Thumb Code    26  stm32f10x_rcc.o(i.RCC_APB1PeriphResetCmd)
    RCC_APB2PeriphClockCmd                   0x08001e69   Thumb Code    26  stm32f10x_rcc.o(i.RCC_APB2PeriphClockCmd)
    RCC_APB2PeriphResetCmd                   0x08001e89   Thumb Code    26  stm32f10x_rcc.o(i.RCC_APB2PeriphResetCmd)
    RCC_GetClocksFreq                        0x08001ea9   Thumb Code   192  stm32f10x_rcc.o(i.RCC_GetClocksFreq)
    SVC_Handler                              0x08001f7d   Thumb Code     2  stm32f10x_it.o(i.SVC_Handler)
    Set_Pwmm                                 0x08002069   Thumb Code    88  motor.o(i.Set_Pwmm)
    SysTick_CLKSourceConfig                  0x080020c1   Thumb Code    40  misc.o(i.SysTick_CLKSourceConfig)
    SysTick_Handler                          0x080020e9   Thumb Code     2  stm32f10x_it.o(i.SysTick_Handler)
    SystemInit                               0x080020ed   Thumb Code    78  system_stm32f10x.o(i.SystemInit)
    TIM2_Encoder_Config                      0x0800238d   Thumb Code   194  encoder.o(i.TIM2_Encoder_Config)
    TIM3_PWM_Init                            0x0800245d   Thumb Code   186  timer.o(i.TIM3_PWM_Init)
    TIM4_Encoder_Config                      0x08002521   Thumb Code   158  encoder.o(i.TIM4_Encoder_Config)
    TIM5_Encoder_Config                      0x080025c9   Thumb Code   174  encoder.o(i.TIM5_Encoder_Config)
    TIM6_IRQHandler                          0x08002681   Thumb Code   150  main.o(i.TIM6_IRQHandler)
    TIM6_Int_Init                            0x08002769   Thumb Code    88  timer.o(i.TIM6_Int_Init)
    TIM7_IRQHandler                          0x080027c5   Thumb Code    34  main.o(i.TIM7_IRQHandler)
    TIM7_Int_Init                            0x080027fd   Thumb Code    88  timer.o(i.TIM7_Int_Init)
    TIM8_Encoder_Config                      0x08002859   Thumb Code   174  encoder.o(i.TIM8_Encoder_Config)
    TIM_ARRPreloadConfig                     0x08002911   Thumb Code    24  stm32f10x_tim.o(i.TIM_ARRPreloadConfig)
    TIM_ClearFlag                            0x08002929   Thumb Code     6  stm32f10x_tim.o(i.TIM_ClearFlag)
    TIM_ClearITPendingBit                    0x0800292f   Thumb Code     6  stm32f10x_tim.o(i.TIM_ClearITPendingBit)
    TIM_Cmd                                  0x08002935   Thumb Code    24  stm32f10x_tim.o(i.TIM_Cmd)
    TIM_DeInit                               0x0800294d   Thumb Code   424  stm32f10x_tim.o(i.TIM_DeInit)
    TIM_EncoderInterfaceConfig               0x08002b35   Thumb Code    66  stm32f10x_tim.o(i.TIM_EncoderInterfaceConfig)
    TIM_GetITStatus                          0x08002b77   Thumb Code    34  stm32f10x_tim.o(i.TIM_GetITStatus)
    TIM_ICInit                               0x08002b99   Thumb Code   150  stm32f10x_tim.o(i.TIM_ICInit)
    TIM_ICStructInit                         0x08002c45   Thumb Code    18  stm32f10x_tim.o(i.TIM_ICStructInit)
    TIM_ITConfig                             0x08002c57   Thumb Code    18  stm32f10x_tim.o(i.TIM_ITConfig)
    TIM_OC1Init                              0x08002c69   Thumb Code   132  stm32f10x_tim.o(i.TIM_OC1Init)
    TIM_OC1PreloadConfig                     0x08002d01   Thumb Code    18  stm32f10x_tim.o(i.TIM_OC1PreloadConfig)
    TIM_OC2Init                              0x08002d15   Thumb Code   154  stm32f10x_tim.o(i.TIM_OC2Init)
    TIM_OC2PreloadConfig                     0x08002db9   Thumb Code    26  stm32f10x_tim.o(i.TIM_OC2PreloadConfig)
    TIM_OC3Init                              0x08002dd5   Thumb Code   150  stm32f10x_tim.o(i.TIM_OC3Init)
    TIM_OC3PreloadConfig                     0x08002e75   Thumb Code    18  stm32f10x_tim.o(i.TIM_OC3PreloadConfig)
    TIM_OC4Init                              0x08002e89   Thumb Code   114  stm32f10x_tim.o(i.TIM_OC4Init)
    TIM_OC4PreloadConfig                     0x08002f05   Thumb Code    26  stm32f10x_tim.o(i.TIM_OC4PreloadConfig)
    TIM_SetCompare1                          0x08002f1f   Thumb Code     4  stm32f10x_tim.o(i.TIM_SetCompare1)
    TIM_SetCompare2                          0x08002f23   Thumb Code     4  stm32f10x_tim.o(i.TIM_SetCompare2)
    TIM_SetCompare3                          0x08002f27   Thumb Code     4  stm32f10x_tim.o(i.TIM_SetCompare3)
    TIM_SetCompare4                          0x08002f2b   Thumb Code     6  stm32f10x_tim.o(i.TIM_SetCompare4)
    TIM_SetCounter                           0x08002f31   Thumb Code     4  stm32f10x_tim.o(i.TIM_SetCounter)
    TIM_SetIC1Prescaler                      0x08002f35   Thumb Code    18  stm32f10x_tim.o(i.TIM_SetIC1Prescaler)
    TIM_SetIC2Prescaler                      0x08002f47   Thumb Code    26  stm32f10x_tim.o(i.TIM_SetIC2Prescaler)
    TIM_SetIC3Prescaler                      0x08002f61   Thumb Code    18  stm32f10x_tim.o(i.TIM_SetIC3Prescaler)
    TIM_SetIC4Prescaler                      0x08002f73   Thumb Code    26  stm32f10x_tim.o(i.TIM_SetIC4Prescaler)
    TIM_TimeBaseInit                         0x08002f8d   Thumb Code   122  stm32f10x_tim.o(i.TIM_TimeBaseInit)
    TIM_TimeBaseStructInit                   0x08003031   Thumb Code    18  stm32f10x_tim.o(i.TIM_TimeBaseStructInit)
    TRACING_CALIBRATION_ROADING              0x08003045   Thumb Code  1572  main.o(i.TRACING_CALIBRATION_ROADING)
    TRACING_CALIBRATION_ROADINGON            0x08003685   Thumb Code   120  main.o(i.TRACING_CALIBRATION_ROADINGON)
    Timer3_PWM_SetDutyCycle                  0x08003701   Thumb Code    68  motor.o(i.Timer3_PWM_SetDutyCycle)
    UART1SendByte2                           0x08003749   Thumb Code    28  usart.o(i.UART1SendByte2)
    UART4SendByte                            0x08003769   Thumb Code    28  usart5.o(i.UART4SendByte)
    UART4_IRQHandler                         0x08003789   Thumb Code   266  main.o(i.UART4_IRQHandler)
    USART1_IRQHandler                        0x080038c5   Thumb Code   136  usart.o(i.USART1_IRQHandler)
    USART2_IRQHandler                        0x0800395d   Thumb Code   194  main.o(i.USART2_IRQHandler)
    USART_ClearFlag                          0x08003a41   Thumb Code    18  stm32f10x_usart.o(i.USART_ClearFlag)
    USART_ClearITPendingBit                  0x08003a53   Thumb Code    30  stm32f10x_usart.o(i.USART_ClearITPendingBit)
    USART_Cmd                                0x08003a71   Thumb Code    24  stm32f10x_usart.o(i.USART_Cmd)
    USART_DeInit                             0x08003a89   Thumb Code   134  stm32f10x_usart.o(i.USART_DeInit)
    USART_GetFlagStatus                      0x08003b25   Thumb Code    26  stm32f10x_usart.o(i.USART_GetFlagStatus)
    USART_GetITStatus                        0x08003b3f   Thumb Code    84  stm32f10x_usart.o(i.USART_GetITStatus)
    USART_ITConfig                           0x08003b93   Thumb Code    74  stm32f10x_usart.o(i.USART_ITConfig)
    USART_Init                               0x08003bdd   Thumb Code   210  stm32f10x_usart.o(i.USART_Init)
    USART_ReceiveData                        0x08003cb5   Thumb Code    10  stm32f10x_usart.o(i.USART_ReceiveData)
    USART_SendData                           0x08003cbf   Thumb Code     8  stm32f10x_usart.o(i.USART_SendData)
    UsageFault_Handler                       0x08003cc7   Thumb Code     4  stm32f10x_it.o(i.UsageFault_Handler)
    Xunji_Choice_LandR                       0x08003ccd   Thumb Code    44  main.o(i.Xunji_Choice_LandR)
    Xunji_Choice_SandB                       0x08003cfd   Thumb Code    44  main.o(i.Xunji_Choice_SandB)
    __ARM_fpclassify                         0x08003d2d   Thumb Code    40  fpclassify.o(i.__ARM_fpclassify)
    __kernel_poly                            0x08003d55   Thumb Code   170  poly.o(i.__kernel_poly)
    __mathlib_dbl_infnan                     0x08003dff   Thumb Code     6  dunder.o(i.__mathlib_dbl_infnan)
    __mathlib_dbl_infnan2                    0x08003e05   Thumb Code     4  dunder.o(i.__mathlib_dbl_infnan2)
    __mathlib_dbl_invalid                    0x08003e09   Thumb Code    12  dunder.o(i.__mathlib_dbl_invalid)
    __mathlib_dbl_underflow                  0x08003e15   Thumb Code    10  dunder.o(i.__mathlib_dbl_underflow)
    _is_digit                                0x08003e25   Thumb Code    14  __printf_wp.o(i._is_digit)
    _sys_exit                                0x08003e33   Thumb Code     6  usart.o(i._sys_exit)
    asin                                     0x08003ee1   Thumb Code   572  asin.o(i.asin)
    atan                                     0x08004151   Thumb Code   474  atan.o(i.atan)
    atan2                                    0x08004371   Thumb Code   346  atan2.o(i.atan2)
    cir                                      0x080044f1   Thumb Code   212  main.o(i.cir)
    codePrint                                0x080045e1   Thumb Code   150  main.o(i.codePrint)
    colPick                                  0x08004681   Thumb Code   226  main.o(i.colPick)
    delay_init                               0x080047dd   Thumb Code    50  delay.o(i.delay_init)
    delay_ms                                 0x08004821   Thumb Code    72  delay.o(i.delay_ms)
    delay_s                                  0x0800486d   Thumb Code    48  delay.o(i.delay_s)
    delay_us                                 0x0800489d   Thumb Code    72  delay.o(i.delay_us)
    dmp_enable_6x_lp_quat                    0x080048e9   Thumb Code    60  inv_mpu_dmp_motion_driver.o(i.dmp_enable_6x_lp_quat)
    dmp_enable_feature                       0x08004925   Thumb Code   530  inv_mpu_dmp_motion_driver.o(i.dmp_enable_feature)
    dmp_enable_gyro_cal                      0x08004b41   Thumb Code    62  inv_mpu_dmp_motion_driver.o(i.dmp_enable_gyro_cal)
    dmp_enable_lp_quat                       0x08004b99   Thumb Code    60  inv_mpu_dmp_motion_driver.o(i.dmp_enable_lp_quat)
    dmp_load_motion_driver_firmware          0x08004bd5   Thumb Code    20  inv_mpu_dmp_motion_driver.o(i.dmp_load_motion_driver_firmware)
    dmp_read_fifo                            0x08004bed   Thumb Code   456  inv_mpu_dmp_motion_driver.o(i.dmp_read_fifo)
    dmp_set_accel_bias                       0x08004db9   Thumb Code   300  inv_mpu_dmp_motion_driver.o(i.dmp_set_accel_bias)
    dmp_set_fifo_rate                        0x08004ee9   Thumb Code    96  inv_mpu_dmp_motion_driver.o(i.dmp_set_fifo_rate)
    dmp_set_gyro_bias                        0x08004f59   Thumb Code   294  inv_mpu_dmp_motion_driver.o(i.dmp_set_gyro_bias)
    dmp_set_orientation                      0x08005089   Thumb Code   290  inv_mpu_dmp_motion_driver.o(i.dmp_set_orientation)
    dmp_set_shake_reject_thresh              0x080051c1   Thumb Code    56  inv_mpu_dmp_motion_driver.o(i.dmp_set_shake_reject_thresh)
    dmp_set_shake_reject_time                0x080051f9   Thumb Code    38  inv_mpu_dmp_motion_driver.o(i.dmp_set_shake_reject_time)
    dmp_set_shake_reject_timeout             0x0800521f   Thumb Code    38  inv_mpu_dmp_motion_driver.o(i.dmp_set_shake_reject_timeout)
    dmp_set_tap_axes                         0x08005245   Thumb Code    70  inv_mpu_dmp_motion_driver.o(i.dmp_set_tap_axes)
    dmp_set_tap_count                        0x0800528b   Thumb Code    38  inv_mpu_dmp_motion_driver.o(i.dmp_set_tap_count)
    dmp_set_tap_thresh                       0x080052b1   Thumb Code   396  inv_mpu_dmp_motion_driver.o(i.dmp_set_tap_thresh)
    dmp_set_tap_time                         0x08005451   Thumb Code    38  inv_mpu_dmp_motion_driver.o(i.dmp_set_tap_time)
    dmp_set_tap_time_multi                   0x08005477   Thumb Code    38  inv_mpu_dmp_motion_driver.o(i.dmp_set_tap_time_multi)
    extiToLoad                               0x0800549d   Thumb Code   158  main.o(i.extiToLoad)
    fputc                                    0x08005559   Thumb Code    24  usart.o(i.fputc)
    getTIMx_DetaCnt                          0x08005575   Thumb Code   144  encoder.o(i.getTIMx_DetaCnt)
    goon                                     0x08005b49   Thumb Code   414  main.o(i.goon)
    hongwai                                  0x08005e25   Thumb Code    46  led.o(i.hongwai)
    inv_orientation_matrix_to_scalar         0x08005e59   Thumb Code    40  inv_mpu.o(i.inv_orientation_matrix_to_scalar)
    inv_row_2_scale                          0x08005e81   Thumb Code    78  inv_mpu.o(i.inv_row_2_scale)
    main                                     0x08005ed1   Thumb Code   390  main.o(i.main)
    mget_ms                                  0x08006099   Thumb Code     2  inv_mpu.o(i.mget_ms)
    mpu_configure_fifo                       0x0800609d   Thumb Code   106  inv_mpu.o(i.mpu_configure_fifo)
    mpu_dmp_get_data                         0x0800610d   Thumb Code   544  inv_mpu.o(i.mpu_dmp_get_data)
    mpu_dmp_init                             0x08006331   Thumb Code   154  inv_mpu.o(i.mpu_dmp_init)
    mpu_get_accel_fsr                        0x080063d1   Thumb Code    72  inv_mpu.o(i.mpu_get_accel_fsr)
    mpu_get_accel_sens                       0x0800641d   Thumb Code    78  inv_mpu.o(i.mpu_get_accel_sens)
    mpu_get_fifo_config                      0x08006471   Thumb Code    12  inv_mpu.o(i.mpu_get_fifo_config)
    mpu_get_gyro_fsr                         0x08006481   Thumb Code    64  inv_mpu.o(i.mpu_get_gyro_fsr)
    mpu_get_gyro_sens                        0x080064c5   Thumb Code    58  inv_mpu.o(i.mpu_get_gyro_sens)
    mpu_get_lpf                              0x08006515   Thumb Code    74  inv_mpu.o(i.mpu_get_lpf)
    mpu_get_sample_rate                      0x08006565   Thumb Code    26  inv_mpu.o(i.mpu_get_sample_rate)
    mpu_init                                 0x08006585   Thumb Code   416  inv_mpu.o(i.mpu_init)
    mpu_load_firmware                        0x08006775   Thumb Code   180  inv_mpu.o(i.mpu_load_firmware)
    mpu_lp_accel_mode                        0x0800682d   Thumb Code   218  inv_mpu.o(i.mpu_lp_accel_mode)
    mpu_read_fifo_stream                     0x0800690d   Thumb Code   186  inv_mpu.o(i.mpu_read_fifo_stream)
    mpu_read_mem                             0x080069cd   Thumb Code   122  inv_mpu.o(i.mpu_read_mem)
    mpu_reset_fifo                           0x08006a4d   Thumb Code   450  inv_mpu.o(i.mpu_reset_fifo)
    mpu_run_self_test                        0x08006c15   Thumb Code   278  inv_mpu.o(i.mpu_run_self_test)
    mpu_set_accel_fsr                        0x08006d31   Thumb Code   126  inv_mpu.o(i.mpu_set_accel_fsr)
    mpu_set_bypass                           0x08006db5   Thumb Code   328  inv_mpu.o(i.mpu_set_bypass)
    mpu_set_dmp_state                        0x08006f01   Thumb Code   138  inv_mpu.o(i.mpu_set_dmp_state)
    mpu_set_gyro_fsr                         0x08006f91   Thumb Code   132  inv_mpu.o(i.mpu_set_gyro_fsr)
    mpu_set_int_latched                      0x08007019   Thumb Code   102  inv_mpu.o(i.mpu_set_int_latched)
    mpu_set_lpf                              0x08007085   Thumb Code   126  inv_mpu.o(i.mpu_set_lpf)
    mpu_set_sample_rate                      0x08007109   Thumb Code   152  inv_mpu.o(i.mpu_set_sample_rate)
    mpu_set_sensors                          0x080071a5   Thumb Code   202  inv_mpu.o(i.mpu_set_sensors)
    mpu_write_mem                            0x08007275   Thumb Code   122  inv_mpu.o(i.mpu_write_mem)
    my_itoa                                  0x080072f5   Thumb Code    74  main.o(i.my_itoa)
    myabs                                    0x08007345   Thumb Code    14  motor.o(i.myabs)
    num                                      0x08007355   Thumb Code    70  main.o(i.num)
    openmv_code                              0x08007441   Thumb Code    86  main.o(i.openmv_code)
    pidcon                                   0x080074ad   Thumb Code   134  main.o(i.pidcon)
    reset_Uk                                 0x08007575   Thumb Code    10  pid.o(i.reset_Uk)
    reverse                                  0x0800757f   Thumb Code    38  main.o(i.reverse)
    run_self_test                            0x080075a5   Thumb Code   148  inv_mpu.o(i.run_self_test)
    sqrt                                     0x080076c9   Thumb Code    76  sqrt.o(i.sqrt)
    uart_init                                0x08007715   Thumb Code   152  usart.o(i.uart_init)
    uart_init2                               0x080077b5   Thumb Code   154  usart.o(i.uart_init2)
    uart_init4                               0x08007859   Thumb Code   174  usart5.o(i.uart_init4)
    __aeabi_d2f                              0x08007911   Thumb Code     0  d2f.o(x$fpl$d2f)
    _d2f                                     0x08007911   Thumb Code    98  d2f.o(x$fpl$d2f)
    __aeabi_dadd                             0x08007975   Thumb Code     0  daddsub_clz.o(x$fpl$dadd)
    _dadd                                    0x08007975   Thumb Code   332  daddsub_clz.o(x$fpl$dadd)
    __fpl_dcheck_NaN1                        0x08007ac5   Thumb Code    10  dcheck1.o(x$fpl$dcheck1)
    __aeabi_ddiv                             0x08007ad5   Thumb Code     0  ddiv.o(x$fpl$ddiv)
    _ddiv                                    0x08007ad5   Thumb Code   552  ddiv.o(x$fpl$ddiv)
    __aeabi_i2d                              0x08007d85   Thumb Code     0  dflt_clz.o(x$fpl$dflt)
    _dflt                                    0x08007d85   Thumb Code    46  dflt_clz.o(x$fpl$dflt)
    __aeabi_dmul                             0x08007db5   Thumb Code     0  dmul.o(x$fpl$dmul)
    _dmul                                    0x08007db5   Thumb Code   332  dmul.o(x$fpl$dmul)
    __fpl_dnaninf                            0x08007f09   Thumb Code   156  dnaninf.o(x$fpl$dnaninf)
    __fpl_dretinf                            0x08007fa5   Thumb Code    12  dretinf.o(x$fpl$dretinf)
    __aeabi_drsub                            0x08007fb1   Thumb Code     0  daddsub_clz.o(x$fpl$drsb)
    _drsb                                    0x08007fb1   Thumb Code    22  daddsub_clz.o(x$fpl$drsb)
    _dsqrt                                   0x08007fc9   Thumb Code   456  dsqrt_noumaal.o(x$fpl$dsqrt)
    __aeabi_dsub                             0x08008195   Thumb Code     0  daddsub_clz.o(x$fpl$dsub)
    _dsub                                    0x08008195   Thumb Code   464  daddsub_clz.o(x$fpl$dsub)
    __aeabi_f2d                              0x08008369   Thumb Code     0  f2d.o(x$fpl$f2d)
    _f2d                                     0x08008369   Thumb Code    86  f2d.o(x$fpl$f2d)
    __aeabi_fadd                             0x080083c1   Thumb Code     0  faddsub_clz.o(x$fpl$fadd)
    _fadd                                    0x080083c1   Thumb Code   196  faddsub_clz.o(x$fpl$fadd)
    __fpl_fcmp_Inf                           0x08008485   Thumb Code    24  fcmpi.o(x$fpl$fcmpinf)
    __aeabi_fdiv                             0x0800849d   Thumb Code     0  fdiv.o(x$fpl$fdiv)
    _fdiv                                    0x0800849d   Thumb Code   384  fdiv.o(x$fpl$fdiv)
    __aeabi_cfcmpeq                          0x08008621   Thumb Code     0  feqf.o(x$fpl$feqf)
    _fcmpeq                                  0x08008621   Thumb Code   104  feqf.o(x$fpl$feqf)
    __aeabi_f2iz                             0x08008689   Thumb Code     0  ffix.o(x$fpl$ffix)
    _ffix                                    0x08008689   Thumb Code    54  ffix.o(x$fpl$ffix)
    __aeabi_f2uiz                            0x080086c1   Thumb Code     0  ffixu.o(x$fpl$ffixu)
    _ffixu                                   0x080086c1   Thumb Code    62  ffixu.o(x$fpl$ffixu)
    __aeabi_i2f                              0x08008701   Thumb Code     0  fflt_clz.o(x$fpl$fflt)
    _fflt                                    0x08008701   Thumb Code    48  fflt_clz.o(x$fpl$fflt)
    __aeabi_ui2f                             0x08008731   Thumb Code     0  fflt_clz.o(x$fpl$ffltu)
    _ffltu                                   0x08008731   Thumb Code    38  fflt_clz.o(x$fpl$ffltu)
    __aeabi_cfcmple                          0x08008759   Thumb Code     0  fleqf.o(x$fpl$fleqf)
    _fcmple                                  0x08008759   Thumb Code   104  fleqf.o(x$fpl$fleqf)
    __fpl_fcmple_InfNaN                      0x080087ab   Thumb Code     0  fleqf.o(x$fpl$fleqf)
    __aeabi_fmul                             0x080087c1   Thumb Code     0  fmul.o(x$fpl$fmul)
    _fmul                                    0x080087c1   Thumb Code   258  fmul.o(x$fpl$fmul)
    __fpl_fnaninf                            0x080088c3   Thumb Code   140  fnaninf.o(x$fpl$fnaninf)
    __fpl_fretinf                            0x0800894f   Thumb Code    10  fretinf.o(x$fpl$fretinf)
    __aeabi_cfrcmple                         0x08008959   Thumb Code     0  frleqf.o(x$fpl$frleqf)
    _frcmple                                 0x08008959   Thumb Code    98  frleqf.o(x$fpl$frleqf)
    __aeabi_frsub                            0x080089bb   Thumb Code     0  faddsub_clz.o(x$fpl$frsb)
    _frsb                                    0x080089bb   Thumb Code    20  faddsub_clz.o(x$fpl$frsb)
    __aeabi_fsub                             0x080089d1   Thumb Code     0  faddsub_clz.o(x$fpl$fsub)
    _fsub                                    0x080089d1   Thumb Code   234  faddsub_clz.o(x$fpl$fsub)
    __fpl_return_NaN                         0x08008abb   Thumb Code   100  retnan.o(x$fpl$retnan)
    __ARM_scalbn                             0x08008b1f   Thumb Code    92  scalbn.o(x$fpl$scalbn)
    __fpl_cmpreturn                          0x08008b7b   Thumb Code    48  trapv.o(x$fpl$trapveneer)
    __I$use$fp                               0x08008baa   Number         0  usenofp.o(x$fpl$usenofp)
    reg                                      0x08008bac   Data          27  inv_mpu.o(.constdata)
    hw                                       0x08008bc8   Data          12  inv_mpu.o(.constdata)
    test                                     0x08008bd4   Data          40  inv_mpu.o(.constdata)
    __mathlib_zero                           0x080098f0   Data           8  qnan.o(.constdata)
    Region$$Table$$Base                      0x08009948   Number         0  anon$$obj.o(Region$$Table)
    Region$$Table$$Limit                     0x08009968   Number         0  anon$$obj.o(Region$$Table)
    roadtime                                 0x20000000   Data           4  main.o(.data)
    mpucon                                   0x20000004   Data           1  main.o(.data)
    cls                                      0x20000005   Data           1  main.o(.data)
    codescan                                 0x20000006   Data           1  main.o(.data)
    resi                                     0x20000007   Data           1  main.o(.data)
    aftercode                                0x20000008   Data           1  main.o(.data)
    p_num                                    0x2000000a   Data           2  main.o(.data)
    temp0                                    0x2000000c   Data           2  main.o(.data)
    p                                        0x2000000e   Data           2  main.o(.data)
    d                                        0x20000010   Data           2  main.o(.data)
    p_time                                   0x20000014   Data           4  main.o(.data)
    p_average                                0x20000018   Data           4  main.o(.data)
    res2                                     0x2000001c   Data           2  main.o(.data)
    OpenMV_Rx_BUF                            0x2000001e   Data           8  main.o(.data)
    openmv_blobcol                           0x20000026   Data           8  main.o(.data)
    openmv_cir                               0x2000002e   Data           8  main.o(.data)
    cirsend                                  0x20000036   Data           3  main.o(.data)
    openmvi                                  0x2000003c   Data           4  main.o(.data)
    openmvj                                  0x20000040   Data           4  main.o(.data)
    depcode1                                 0x20000044   Data           4  main.o(.data)
    depcode2                                 0x20000048   Data           4  main.o(.data)
    arduino_code                             0x2000004c   Data          12  main.o(.data)
    rx4                                      0x20000058   Data           1  main.o(.data)
    rx4_2                                    0x20000059   Data           1  main.o(.data)
    cirstep                                  0x2000005a   Data           1  main.o(.data)
    cirget                                   0x2000005b   Data           1  main.o(.data)
    leftSpeedNow                             0x2000005c   Data           4  main.o(.data)
    leftSpeedNow2                            0x20000060   Data           4  main.o(.data)
    rightSpeedNow                            0x20000064   Data           4  main.o(.data)
    rightSpeedNow2                           0x20000068   Data           4  main.o(.data)
    leftSpeedSet                             0x2000006c   Data           4  main.o(.data)
    rightSpeedSet                            0x20000070   Data           4  main.o(.data)
    leftSpeedSet2                            0x20000074   Data           4  main.o(.data)
    rightSpeedSet2                           0x20000078   Data           4  main.o(.data)
    motorLeft                                0x2000007c   Data           4  main.o(.data)
    motorLeft2                               0x20000080   Data           4  main.o(.data)
    motorRight                               0x20000084   Data           4  main.o(.data)
    motorRight2                              0x20000088   Data           4  main.o(.data)
    mpu_u                                    0x2000008c   Data           4  main.o(.data)
    line0                                    0x20000090   Data           4  main.o(.data)
    line3                                    0x20000094   Data           4  main.o(.data)
    line5                                    0x20000098   Data           4  main.o(.data)
    cirCarMovingStep                         0x2000009c   Data           4  main.o(.data)
    ardi                                     0x200000a0   Data           4  main.o(.data)
    jxbreceive                               0x200000a4   Data           4  main.o(.data)
    cirnum                                   0x200000a8   Data           4  main.o(.data)
    cirperform                               0x200000ac   Data           4  main.o(.data)
    res4judge                                0x200000b0   Data           1  main.o(.data)
    cntCount                                 0x200000b4   Data           4  main.o(.data)
    cntCount1                                0x200000b8   Data           4  main.o(.data)
    cntCount2                                0x200000bc   Data           4  main.o(.data)
    cntCount3                                0x200000c0   Data           4  main.o(.data)
    cntCount4                                0x200000c4   Data           4  main.o(.data)
    cntCountNew                              0x200000c8   Data           4  main.o(.data)
    cntSet                                   0x200000cc   Data           4  main.o(.data)
    ard_char_cir                             0x200000d0   Data           4  main.o(.data)
    SystemCoreClock                          0x200000e0   Data           4  system_stm32f10x.o(.data)
    AHBPrescTable                            0x200000e4   Data          16  system_stm32f10x.o(.data)
    __stdout                                 0x20000130   Data           4  usart.o(.data)
    USART_RX_STA                             0x20000134   Data           2  usart.o(.data)
    mpuangle                                 0x2000014c   Data          20  main.o(.bss)
    codeget                                  0x20000160   Data          10  main.o(.bss)
    devide_code                              0x2000016c   Data          12  main.o(.bss)
    pid_Task_Letf                            0x200001ec   Data          36  pid.o(.bss)
    pid_Task_Right                           0x20000210   Data          36  pid.o(.bss)
    pid_Task_Letf2                           0x20000234   Data          36  pid.o(.bss)
    pid_Task_Right2                          0x20000258   Data          36  pid.o(.bss)
    Resnum                                   0x2000027c   Data         200  usart.o(.bss)
    USART_RX_BUF                             0x20000344   Data         200  usart.o(.bss)
    __libspace_start                         0x2000040c   Data          96  libspace.o(.bss)
    __temporary_stack_top$libspace           0x2000046c   Data           0  libspace.o(.bss)



==============================================================================

Memory Map of the image

  Image Entry point : 0x08000215

  Load Region LR_1 (Base: 0x08000000, Size: 0x00009ab4, Max: 0xffffffff, ABSOLUTE, COMPRESSED[0x0000999c])

    Execution Region ER_RO (Base: 0x08000000, Size: 0x00009968, Max: 0xffffffff, ABSOLUTE)

    Base Addr    Size         Type   Attr      Idx    E Section Name        Object

    0x08000000   0x00000130   Data   RO         1457    RESET               startup_stm32f10x_hd.o
    0x08000130   0x00000008   Code   RO         2874  * !!!main             c_w.l(__main.o)
    0x08000138   0x00000034   Code   RO         3200    !!!scatter          c_w.l(__scatter.o)
    0x0800016c   0x0000005a   Code   RO         3198    !!dczerorl2         c_w.l(__dczerorl2.o)
    0x080001c6   0x00000002   PAD
    0x080001c8   0x0000001c   Code   RO         3202    !!handler_zi        c_w.l(__scatter_zi.o)
    0x080001e4   0x00000000   Code   RO         2863    .ARM.Collect$$_printf_percent$$00000000  c_w.l(_printf_percent.o)
    0x080001e4   0x00000006   Code   RO         2862    .ARM.Collect$$_printf_percent$$00000009  c_w.l(_printf_d.o)
    0x080001ea   0x00000004   Code   RO         2959    .ARM.Collect$$_printf_percent$$00000017  c_w.l(_printf_percent_end.o)
    0x080001ee   0x00000002   Code   RO         3066    .ARM.Collect$$libinit$$00000000  c_w.l(libinit.o)
    0x080001f0   0x00000000   Code   RO         3078    .ARM.Collect$$libinit$$00000002  c_w.l(libinit2.o)
    0x080001f0   0x00000000   Code   RO         3080    .ARM.Collect$$libinit$$00000004  c_w.l(libinit2.o)
    0x080001f0   0x00000000   Code   RO         3083    .ARM.Collect$$libinit$$0000000A  c_w.l(libinit2.o)
    0x080001f0   0x00000000   Code   RO         3085    .ARM.Collect$$libinit$$0000000C  c_w.l(libinit2.o)
    0x080001f0   0x00000000   Code   RO         3087    .ARM.Collect$$libinit$$0000000E  c_w.l(libinit2.o)
    0x080001f0   0x00000000   Code   RO         3090    .ARM.Collect$$libinit$$00000011  c_w.l(libinit2.o)
    0x080001f0   0x00000000   Code   RO         3092    .ARM.Collect$$libinit$$00000013  c_w.l(libinit2.o)
    0x080001f0   0x00000000   Code   RO         3094    .ARM.Collect$$libinit$$00000015  c_w.l(libinit2.o)
    0x080001f0   0x00000000   Code   RO         3096    .ARM.Collect$$libinit$$00000017  c_w.l(libinit2.o)
    0x080001f0   0x00000000   Code   RO         3098    .ARM.Collect$$libinit$$00000019  c_w.l(libinit2.o)
    0x080001f0   0x00000000   Code   RO         3100    .ARM.Collect$$libinit$$0000001B  c_w.l(libinit2.o)
    0x080001f0   0x00000000   Code   RO         3102    .ARM.Collect$$libinit$$0000001D  c_w.l(libinit2.o)
    0x080001f0   0x00000000   Code   RO         3104    .ARM.Collect$$libinit$$0000001F  c_w.l(libinit2.o)
    0x080001f0   0x00000000   Code   RO         3106    .ARM.Collect$$libinit$$00000021  c_w.l(libinit2.o)
    0x080001f0   0x00000000   Code   RO         3108    .ARM.Collect$$libinit$$00000023  c_w.l(libinit2.o)
    0x080001f0   0x00000000   Code   RO         3110    .ARM.Collect$$libinit$$00000025  c_w.l(libinit2.o)
    0x080001f0   0x00000000   Code   RO         3114    .ARM.Collect$$libinit$$0000002C  c_w.l(libinit2.o)
    0x080001f0   0x00000000   Code   RO         3116    .ARM.Collect$$libinit$$0000002E  c_w.l(libinit2.o)
    0x080001f0   0x00000000   Code   RO         3118    .ARM.Collect$$libinit$$00000030  c_w.l(libinit2.o)
    0x080001f0   0x00000000   Code   RO         3120    .ARM.Collect$$libinit$$00000032  c_w.l(libinit2.o)
    0x080001f0   0x00000002   Code   RO         3121    .ARM.Collect$$libinit$$00000033  c_w.l(libinit2.o)
    0x080001f2   0x00000002   Code   RO         3151    .ARM.Collect$$libshutdown$$00000000  c_w.l(libshutdown.o)
    0x080001f4   0x00000000   Code   RO         3166    .ARM.Collect$$libshutdown$$00000003  c_w.l(libshutdown2.o)
    0x080001f4   0x00000000   Code   RO         3169    .ARM.Collect$$libshutdown$$00000006  c_w.l(libshutdown2.o)
    0x080001f4   0x00000000   Code   RO         3172    .ARM.Collect$$libshutdown$$00000009  c_w.l(libshutdown2.o)
    0x080001f4   0x00000000   Code   RO         3174    .ARM.Collect$$libshutdown$$0000000B  c_w.l(libshutdown2.o)
    0x080001f4   0x00000000   Code   RO         3177    .ARM.Collect$$libshutdown$$0000000E  c_w.l(libshutdown2.o)
    0x080001f4   0x00000002   Code   RO         3178    .ARM.Collect$$libshutdown$$0000000F  c_w.l(libshutdown2.o)
    0x080001f6   0x00000000   Code   RO         2950    .ARM.Collect$$rtentry$$00000000  c_w.l(__rtentry.o)
    0x080001f6   0x00000000   Code   RO         3015    .ARM.Collect$$rtentry$$00000002  c_w.l(__rtentry2.o)
    0x080001f6   0x00000006   Code   RO         3027    .ARM.Collect$$rtentry$$00000004  c_w.l(__rtentry4.o)
    0x080001fc   0x00000000   Code   RO         3017    .ARM.Collect$$rtentry$$00000009  c_w.l(__rtentry2.o)
    0x080001fc   0x00000004   Code   RO         3018    .ARM.Collect$$rtentry$$0000000A  c_w.l(__rtentry2.o)
    0x08000200   0x00000000   Code   RO         3020    .ARM.Collect$$rtentry$$0000000C  c_w.l(__rtentry2.o)
    0x08000200   0x00000008   Code   RO         3021    .ARM.Collect$$rtentry$$0000000D  c_w.l(__rtentry2.o)
    0x08000208   0x00000002   Code   RO         3071    .ARM.Collect$$rtexit$$00000000  c_w.l(rtexit.o)
    0x0800020a   0x00000000   Code   RO         3125    .ARM.Collect$$rtexit$$00000002  c_w.l(rtexit2.o)
    0x0800020a   0x00000004   Code   RO         3126    .ARM.Collect$$rtexit$$00000003  c_w.l(rtexit2.o)
    0x0800020e   0x00000006   Code   RO         3127    .ARM.Collect$$rtexit$$00000004  c_w.l(rtexit2.o)
    0x08000214   0x00000040   Code   RO         1458  * .text               startup_stm32f10x_hd.o
    0x08000254   0x00000002   Code   RO         2806    .text               c_w.l(use_no_semi_2.o)
    0x08000256   0x00000048   Code   RO         2808    .text               c_w.l(llsdiv.o)
    0x0800029e   0x00000002   PAD
    0x080002a0   0x00000018   Code   RO         2812    .text               c_w.l(noretval__2printf.o)
    0x080002b8   0x00000078   Code   RO         2818    .text               c_w.l(_printf_dec.o)
    0x08000330   0x00000138   Code   RO         2853    .text               c_w.l(__printf_flags_wp.o)
    0x08000468   0x00000058   Code   RO         2864    .text               c_w.l(memcmp.o)
    0x080004c0   0x0000008a   Code   RO         2866    .text               c_w.l(rt_memcpy_v6.o)
    0x0800054a   0x00000010   Code   RO         2868    .text               c_w.l(aeabi_memset.o)
    0x0800055a   0x0000004e   Code   RO         2870    .text               c_w.l(rt_memclr_w.o)
    0x080005a8   0x00000006   Code   RO         2872    .text               c_w.l(heapauxi.o)
    0x080005ae   0x00000002   Code   RO         2948    .text               c_w.l(use_no_semi.o)
    0x080005b0   0x000000ee   Code   RO         2951    .text               c_w.l(lludivv7m.o)
    0x0800069e   0x00000016   Code   RO         2953    .text               c_w.l(_rserrno.o)
    0x080006b4   0x000000b2   Code   RO         2955    .text               c_w.l(_printf_intcommon.o)
    0x08000766   0x00000002   PAD
    0x08000768   0x00000024   Code   RO         2957    .text               c_w.l(_printf_char_file.o)
    0x0800078c   0x00000064   Code   RO         2960    .text               c_w.l(rt_memcpy_w.o)
    0x080007f0   0x00000044   Code   RO         2962    .text               c_w.l(rt_memclr.o)
    0x08000834   0x00000008   Code   RO         3036    .text               c_w.l(rt_errno_addr_intlibspace.o)
    0x0800083c   0x00000030   Code   RO         3038    .text               c_w.l(_printf_char_common.o)
    0x0800086c   0x00000008   Code   RO         3040    .text               c_w.l(ferror.o)
    0x08000874   0x00000008   Code   RO         3050    .text               c_w.l(libspace.o)
    0x0800087c   0x0000004a   Code   RO         3053    .text               c_w.l(sys_stackheap_outer.o)
    0x080008c6   0x0000000c   Code   RO         3059    .text               c_w.l(exit.o)
    0x080008d2   0x00000004   Code   RO          311    i.BusFault_Handler  stm32f10x_it.o
    0x080008d6   0x00000002   Code   RO          312    i.DebugMon_Handler  stm32f10x_it.o
    0x080008d8   0x0000005c   Code   RO            1    i.EXTI0_IRQHandler  main.o
    0x08000934   0x0000005c   Code   RO            2    i.EXTI1_IRQHandler  main.o
    0x08000990   0x00000058   Code   RO            3    i.EXTI3_IRQHandler  main.o
    0x080009e8   0x0000005c   Code   RO            4    i.EXTI9_5_IRQHandler  main.o
    0x08000a44   0x00000104   Code   RO          488    i.EXTIX_Init        exti.o
    0x08000b48   0x0000000c   Code   RO         2565    i.EXTI_ClearITPendingBit  stm32f10x_exti.o
    0x08000b54   0x00000094   Code   RO         2570    i.EXTI_Init         stm32f10x_exti.o
    0x08000be8   0x00000040   Code   RO         1501    i.GPIO_EXTILineConfig  stm32f10x_gpio.o
    0x08000c28   0x00000116   Code   RO         1504    i.GPIO_Init         stm32f10x_gpio.o
    0x08000d3e   0x00000002   PAD
    0x08000d40   0x00000090   Code   RO         1506    i.GPIO_PinRemapConfig  stm32f10x_gpio.o
    0x08000dd0   0x00000004   Code   RO         1512    i.GPIO_SetBits      stm32f10x_gpio.o
    0x08000dd4   0x00000010   Code   RO         1513    i.GPIO_StructInit   stm32f10x_gpio.o
    0x08000de4   0x0000004c   Code   RO          500    i.Get_Motor_Speed   encoder.o
    0x08000e30   0x00000004   Code   RO          313    i.HardFault_Handler  stm32f10x_it.o
    0x08000e34   0x00000030   Code   RO            6    i.IQR_STOP          main.o
    0x08000e64   0x0000006c   Code   RO          434    i.LED_Init          led.o
    0x08000ed0   0x00000088   Code   RO            7    i.MPU6050_DATE      main.o
    0x08000f58   0x00000050   Code   RO          622    i.MPU_Get_Accelerometer  mpu6050.o
    0x08000fa8   0x00000050   Code   RO          623    i.MPU_Get_Gyroscope  mpu6050.o
    0x08000ff8   0x00000068   Code   RO          624    i.MPU_Get_Temperature  mpu6050.o
    0x08001060   0x0000004c   Code   RO          700    i.MPU_IIC_Ack       mpuiic.o
    0x080010ac   0x0000000a   Code   RO          701    i.MPU_IIC_Delay     mpuiic.o
    0x080010b6   0x00000002   PAD
    0x080010b8   0x00000038   Code   RO          702    i.MPU_IIC_Init      mpuiic.o
    0x080010f0   0x0000004c   Code   RO          703    i.MPU_IIC_NAck      mpuiic.o
    0x0800113c   0x0000006c   Code   RO          704    i.MPU_IIC_Read_Byte  mpuiic.o
    0x080011a8   0x0000005c   Code   RO          705    i.MPU_IIC_Send_Byte  mpuiic.o
    0x08001204   0x00000048   Code   RO          706    i.MPU_IIC_Start     mpuiic.o
    0x0800124c   0x00000048   Code   RO          707    i.MPU_IIC_Stop      mpuiic.o
    0x08001294   0x00000064   Code   RO          708    i.MPU_IIC_Wait_Ack  mpuiic.o
    0x080012f8   0x000000c0   Code   RO          625    i.MPU_Init          mpu6050.o
    0x080013b8   0x0000003a   Code   RO          626    i.MPU_Read_Byte     mpu6050.o
    0x080013f2   0x00000074   Code   RO          627    i.MPU_Read_Len      mpu6050.o
    0x08001466   0x00000010   Code   RO          628    i.MPU_Set_Accel_Fsr  mpu6050.o
    0x08001476   0x00000010   Code   RO          629    i.MPU_Set_Gyro_Fsr  mpu6050.o
    0x08001486   0x0000003a   Code   RO          630    i.MPU_Set_LPF       mpu6050.o
    0x080014c0   0x0000003a   Code   RO          631    i.MPU_Set_Rate      mpu6050.o
    0x080014fa   0x00000044   Code   RO          632    i.MPU_Write_Byte    mpu6050.o
    0x0800153e   0x00000060   Code   RO          633    i.MPU_Write_Len     mpu6050.o
    0x0800159e   0x00000004   Code   RO          314    i.MemManage_Handler  stm32f10x_it.o
    0x080015a2   0x00000002   PAD
    0x080015a4   0x00000080   Code   RO          550    i.Motor_Back        motor.o
    0x08001624   0x00000120   Code   RO          551    i.Motor_Stop        motor.o
    0x08001744   0x00000080   Code   RO          552    i.Motor_Straight    motor.o
    0x080017c4   0x00000070   Code   RO          553    i.Motor_TLEFT       motor.o
    0x08001834   0x00000080   Code   RO          554    i.Motor_TRIGHT      motor.o
    0x080018b4   0x0000005c   Code   RO          555    i.Motor_TurnL       motor.o
    0x08001910   0x0000005c   Code   RO          556    i.Motor_TurnR       motor.o
    0x0800196c   0x000001c0   Code   RO          557    i.Motor_XIE         motor.o
    0x08001b2c   0x00000002   Code   RO          315    i.NMI_Handler       stm32f10x_it.o
    0x08001b2e   0x00000002   PAD
    0x08001b30   0x00000070   Code   RO         1462    i.NVIC_Init         misc.o
    0x08001ba0   0x00000014   Code   RO         1463    i.NVIC_PriorityGroupConfig  misc.o
    0x08001bb4   0x000000bc   Code   RO         1289    i.PID_Init          pid.o
    0x08001c70   0x00000050   Code   RO         1290    i.PID_common        pid.o
    0x08001cc0   0x00000002   Code   RO          316    i.PendSV_Handler    stm32f10x_it.o
    0x08001cc2   0x00000002   PAD
    0x08001cc4   0x00000058   Code   RO         1291    i.Pid_Ctrl          pid.o
    0x08001d1c   0x000000b4   Code   RO         1292    i.Pid_Which         pid.o
    0x08001dd0   0x00000058   Code   RO          452    i.Pwmin_init        timer.o
    0x08001e28   0x00000020   Code   RO         1638    i.RCC_APB1PeriphClockCmd  stm32f10x_rcc.o
    0x08001e48   0x00000020   Code   RO         1639    i.RCC_APB1PeriphResetCmd  stm32f10x_rcc.o
    0x08001e68   0x00000020   Code   RO         1640    i.RCC_APB2PeriphClockCmd  stm32f10x_rcc.o
    0x08001e88   0x00000020   Code   RO         1641    i.RCC_APB2PeriphResetCmd  stm32f10x_rcc.o
    0x08001ea8   0x000000d4   Code   RO         1648    i.RCC_GetClocksFreq  stm32f10x_rcc.o
    0x08001f7c   0x00000002   Code   RO          317    i.SVC_Handler       stm32f10x_it.o
    0x08001f7e   0x00000008   Code   RO          400    i.SetSysClock       system_stm32f10x.o
    0x08001f86   0x00000002   PAD
    0x08001f88   0x000000e0   Code   RO          401    i.SetSysClockTo72   system_stm32f10x.o
    0x08002068   0x00000058   Code   RO          558    i.Set_Pwmm          motor.o
    0x080020c0   0x00000028   Code   RO         1466    i.SysTick_CLKSourceConfig  misc.o
    0x080020e8   0x00000002   Code   RO          318    i.SysTick_Handler   stm32f10x_it.o
    0x080020ea   0x00000002   PAD
    0x080020ec   0x00000060   Code   RO          403    i.SystemInit        system_stm32f10x.o
    0x0800214c   0x00000080   Code   RO         2016    i.TI1_Config        stm32f10x_tim.o
    0x080021cc   0x00000098   Code   RO         2017    i.TI2_Config        stm32f10x_tim.o
    0x08002264   0x00000090   Code   RO         2018    i.TI3_Config        stm32f10x_tim.o
    0x080022f4   0x00000098   Code   RO         2019    i.TI4_Config        stm32f10x_tim.o
    0x0800238c   0x000000d0   Code   RO          501    i.TIM2_Encoder_Config  encoder.o
    0x0800245c   0x000000c4   Code   RO          453    i.TIM3_PWM_Init     timer.o
    0x08002520   0x000000a8   Code   RO          502    i.TIM4_Encoder_Config  encoder.o
    0x080025c8   0x000000b8   Code   RO          503    i.TIM5_Encoder_Config  encoder.o
    0x08002680   0x000000e8   Code   RO            8    i.TIM6_IRQHandler   main.o
    0x08002768   0x0000005c   Code   RO          454    i.TIM6_Int_Init     timer.o
    0x080027c4   0x00000038   Code   RO            9    i.TIM7_IRQHandler   main.o
    0x080027fc   0x0000005c   Code   RO          455    i.TIM7_Int_Init     timer.o
    0x08002858   0x000000b8   Code   RO          504    i.TIM8_Encoder_Config  encoder.o
    0x08002910   0x00000018   Code   RO         2020    i.TIM_ARRPreloadConfig  stm32f10x_tim.o
    0x08002928   0x00000006   Code   RO         2026    i.TIM_ClearFlag     stm32f10x_tim.o
    0x0800292e   0x00000006   Code   RO         2027    i.TIM_ClearITPendingBit  stm32f10x_tim.o
    0x08002934   0x00000018   Code   RO         2032    i.TIM_Cmd           stm32f10x_tim.o
    0x0800294c   0x000001e8   Code   RO         2037    i.TIM_DeInit        stm32f10x_tim.o
    0x08002b34   0x00000042   Code   RO         2041    i.TIM_EncoderInterfaceConfig  stm32f10x_tim.o
    0x08002b76   0x00000022   Code   RO         2053    i.TIM_GetITStatus   stm32f10x_tim.o
    0x08002b98   0x000000ac   Code   RO         2055    i.TIM_ICInit        stm32f10x_tim.o
    0x08002c44   0x00000012   Code   RO         2056    i.TIM_ICStructInit  stm32f10x_tim.o
    0x08002c56   0x00000012   Code   RO         2057    i.TIM_ITConfig      stm32f10x_tim.o
    0x08002c68   0x00000098   Code   RO         2061    i.TIM_OC1Init       stm32f10x_tim.o
    0x08002d00   0x00000012   Code   RO         2064    i.TIM_OC1PreloadConfig  stm32f10x_tim.o
    0x08002d12   0x00000002   PAD
    0x08002d14   0x000000a4   Code   RO         2066    i.TIM_OC2Init       stm32f10x_tim.o
    0x08002db8   0x0000001a   Code   RO         2069    i.TIM_OC2PreloadConfig  stm32f10x_tim.o
    0x08002dd2   0x00000002   PAD
    0x08002dd4   0x000000a0   Code   RO         2071    i.TIM_OC3Init       stm32f10x_tim.o
    0x08002e74   0x00000012   Code   RO         2074    i.TIM_OC3PreloadConfig  stm32f10x_tim.o
    0x08002e86   0x00000002   PAD
    0x08002e88   0x0000007c   Code   RO         2076    i.TIM_OC4Init       stm32f10x_tim.o
    0x08002f04   0x0000001a   Code   RO         2078    i.TIM_OC4PreloadConfig  stm32f10x_tim.o
    0x08002f1e   0x00000004   Code   RO         2093    i.TIM_SetCompare1   stm32f10x_tim.o
    0x08002f22   0x00000004   Code   RO         2094    i.TIM_SetCompare2   stm32f10x_tim.o
    0x08002f26   0x00000004   Code   RO         2095    i.TIM_SetCompare3   stm32f10x_tim.o
    0x08002f2a   0x00000006   Code   RO         2096    i.TIM_SetCompare4   stm32f10x_tim.o
    0x08002f30   0x00000004   Code   RO         2097    i.TIM_SetCounter    stm32f10x_tim.o
    0x08002f34   0x00000012   Code   RO         2098    i.TIM_SetIC1Prescaler  stm32f10x_tim.o
    0x08002f46   0x0000001a   Code   RO         2099    i.TIM_SetIC2Prescaler  stm32f10x_tim.o
    0x08002f60   0x00000012   Code   RO         2100    i.TIM_SetIC3Prescaler  stm32f10x_tim.o
    0x08002f72   0x0000001a   Code   RO         2101    i.TIM_SetIC4Prescaler  stm32f10x_tim.o
    0x08002f8c   0x000000a4   Code   RO         2103    i.TIM_TimeBaseInit  stm32f10x_tim.o
    0x08003030   0x00000012   Code   RO         2104    i.TIM_TimeBaseStructInit  stm32f10x_tim.o
    0x08003042   0x00000002   PAD
    0x08003044   0x00000640   Code   RO           10    i.TRACING_CALIBRATION_ROADING  main.o
    0x08003684   0x0000007c   Code   RO           11    i.TRACING_CALIBRATION_ROADINGON  main.o
    0x08003700   0x00000048   Code   RO          559    i.Timer3_PWM_SetDutyCycle  motor.o
    0x08003748   0x00000020   Code   RO         1392    i.UART1SendByte2    usart.o
    0x08003768   0x00000020   Code   RO         1271    i.UART4SendByte     usart5.o
    0x08003788   0x0000013c   Code   RO           12    i.UART4_IRQHandler  main.o
    0x080038c4   0x00000098   Code   RO         1393    i.USART1_IRQHandler  usart.o
    0x0800395c   0x000000e4   Code   RO           13    i.USART2_IRQHandler  main.o
    0x08003a40   0x00000012   Code   RO         1836    i.USART_ClearFlag   stm32f10x_usart.o
    0x08003a52   0x0000001e   Code   RO         1837    i.USART_ClearITPendingBit  stm32f10x_usart.o
    0x08003a70   0x00000018   Code   RO         1840    i.USART_Cmd         stm32f10x_usart.o
    0x08003a88   0x0000009c   Code   RO         1842    i.USART_DeInit      stm32f10x_usart.o
    0x08003b24   0x0000001a   Code   RO         1843    i.USART_GetFlagStatus  stm32f10x_usart.o
    0x08003b3e   0x00000054   Code   RO         1844    i.USART_GetITStatus  stm32f10x_usart.o
    0x08003b92   0x0000004a   Code   RO         1846    i.USART_ITConfig    stm32f10x_usart.o
    0x08003bdc   0x000000d8   Code   RO         1847    i.USART_Init        stm32f10x_usart.o
    0x08003cb4   0x0000000a   Code   RO         1854    i.USART_ReceiveData  stm32f10x_usart.o
    0x08003cbe   0x00000008   Code   RO         1857    i.USART_SendData    stm32f10x_usart.o
    0x08003cc6   0x00000004   Code   RO          319    i.UsageFault_Handler  stm32f10x_it.o
    0x08003cca   0x00000002   PAD
    0x08003ccc   0x00000030   Code   RO           14    i.Xunji_Choice_LandR  main.o
    0x08003cfc   0x00000030   Code   RO           15    i.Xunji_Choice_SandB  main.o
    0x08003d2c   0x00000028   Code   RO         3001    i.__ARM_fpclassify  m_ws.l(fpclassify.o)
    0x08003d54   0x000000aa   Code   RO         3003    i.__kernel_poly     m_ws.l(poly.o)
    0x08003dfe   0x00000006   Code   RO         2988    i.__mathlib_dbl_infnan  m_ws.l(dunder.o)
    0x08003e04   0x00000004   Code   RO         2989    i.__mathlib_dbl_infnan2  m_ws.l(dunder.o)
    0x08003e08   0x0000000c   Code   RO         2990    i.__mathlib_dbl_invalid  m_ws.l(dunder.o)
    0x08003e14   0x00000010   Code   RO         2993    i.__mathlib_dbl_underflow  m_ws.l(dunder.o)
    0x08003e24   0x0000000e   Code   RO         2851    i._is_digit         c_w.l(__printf_wp.o)
    0x08003e32   0x00000006   Code   RO         1394    i._sys_exit         usart.o
    0x08003e38   0x000000a8   Code   RO          760    i.accel_self_test   inv_mpu.o
    0x08003ee0   0x00000270   Code   RO         2931    i.asin              m_ws.l(asin.o)
    0x08004150   0x00000220   Code   RO         2978    i.atan              m_ws.l(atan.o)
    0x08004370   0x00000180   Code   RO         2941    i.atan2             m_ws.l(atan2.o)
    0x080044f0   0x000000f0   Code   RO           16    i.cir               main.o
    0x080045e0   0x000000a0   Code   RO           17    i.codePrint         main.o
    0x08004680   0x000000f8   Code   RO           18    i.colPick           main.o
    0x08004778   0x00000064   Code   RO         1085    i.decode_gesture    inv_mpu_dmp_motion_driver.o
    0x080047dc   0x00000044   Code   RO         1331    i.delay_init        delay.o
    0x08004820   0x0000004c   Code   RO         1332    i.delay_ms          delay.o
    0x0800486c   0x00000030   Code   RO         1333    i.delay_s           delay.o
    0x0800489c   0x0000004c   Code   RO         1334    i.delay_us          delay.o
    0x080048e8   0x0000003c   Code   RO         1086    i.dmp_enable_6x_lp_quat  inv_mpu_dmp_motion_driver.o
    0x08004924   0x0000021c   Code   RO         1087    i.dmp_enable_feature  inv_mpu_dmp_motion_driver.o
    0x08004b40   0x00000058   Code   RO         1088    i.dmp_enable_gyro_cal  inv_mpu_dmp_motion_driver.o
    0x08004b98   0x0000003c   Code   RO         1089    i.dmp_enable_lp_quat  inv_mpu_dmp_motion_driver.o
    0x08004bd4   0x00000018   Code   RO         1094    i.dmp_load_motion_driver_firmware  inv_mpu_dmp_motion_driver.o
    0x08004bec   0x000001cc   Code   RO         1095    i.dmp_read_fifo     inv_mpu_dmp_motion_driver.o
    0x08004db8   0x00000130   Code   RO         1098    i.dmp_set_accel_bias  inv_mpu_dmp_motion_driver.o
    0x08004ee8   0x00000070   Code   RO         1099    i.dmp_set_fifo_rate  inv_mpu_dmp_motion_driver.o
    0x08004f58   0x00000130   Code   RO         1100    i.dmp_set_gyro_bias  inv_mpu_dmp_motion_driver.o
    0x08005088   0x00000138   Code   RO         1102    i.dmp_set_orientation  inv_mpu_dmp_motion_driver.o
    0x080051c0   0x00000038   Code   RO         1105    i.dmp_set_shake_reject_thresh  inv_mpu_dmp_motion_driver.o
    0x080051f8   0x00000026   Code   RO         1106    i.dmp_set_shake_reject_time  inv_mpu_dmp_motion_driver.o
    0x0800521e   0x00000026   Code   RO         1107    i.dmp_set_shake_reject_timeout  inv_mpu_dmp_motion_driver.o
    0x08005244   0x00000046   Code   RO         1108    i.dmp_set_tap_axes  inv_mpu_dmp_motion_driver.o
    0x0800528a   0x00000026   Code   RO         1109    i.dmp_set_tap_count  inv_mpu_dmp_motion_driver.o
    0x080052b0   0x000001a0   Code   RO         1110    i.dmp_set_tap_thresh  inv_mpu_dmp_motion_driver.o
    0x08005450   0x00000026   Code   RO         1111    i.dmp_set_tap_time  inv_mpu_dmp_motion_driver.o
    0x08005476   0x00000026   Code   RO         1112    i.dmp_set_tap_time_multi  inv_mpu_dmp_motion_driver.o
    0x0800549c   0x000000bc   Code   RO           19    i.extiToLoad        main.o
    0x08005558   0x0000001c   Code   RO         1395    i.fputc             usart.o
    0x08005574   0x000000b0   Code   RO          505    i.getTIMx_DetaCnt   encoder.o
    0x08005624   0x000000b4   Code   RO          761    i.get_accel_prod_shift  inv_mpu.o
    0x080056d8   0x00000470   Code   RO          762    i.get_st_biases     inv_mpu.o
    0x08005b48   0x000001cc   Code   RO           20    i.goon              main.o
    0x08005d14   0x00000110   Code   RO          763    i.gyro_self_test    inv_mpu.o
    0x08005e24   0x00000034   Code   RO          435    i.hongwai           led.o
    0x08005e58   0x00000028   Code   RO          764    i.inv_orientation_matrix_to_scalar  inv_mpu.o
    0x08005e80   0x0000004e   Code   RO          765    i.inv_row_2_scale   inv_mpu.o
    0x08005ece   0x00000002   PAD
    0x08005ed0   0x000001c8   Code   RO           21    i.main              main.o
    0x08006098   0x00000002   Code   RO          766    i.mget_ms           inv_mpu.o
    0x0800609a   0x00000002   PAD
    0x0800609c   0x00000070   Code   RO          767    i.mpu_configure_fifo  inv_mpu.o
    0x0800610c   0x00000224   Code   RO          768    i.mpu_dmp_get_data  inv_mpu.o
    0x08006330   0x000000a0   Code   RO          769    i.mpu_dmp_init      inv_mpu.o
    0x080063d0   0x0000004c   Code   RO          770    i.mpu_get_accel_fsr  inv_mpu.o
    0x0800641c   0x00000054   Code   RO          772    i.mpu_get_accel_sens  inv_mpu.o
    0x08006470   0x00000010   Code   RO          777    i.mpu_get_fifo_config  inv_mpu.o
    0x08006480   0x00000044   Code   RO          778    i.mpu_get_gyro_fsr  inv_mpu.o
    0x080064c4   0x00000050   Code   RO          780    i.mpu_get_gyro_sens  inv_mpu.o
    0x08006514   0x00000050   Code   RO          782    i.mpu_get_lpf       inv_mpu.o
    0x08006564   0x00000020   Code   RO          784    i.mpu_get_sample_rate  inv_mpu.o
    0x08006584   0x000001f0   Code   RO          786    i.mpu_init          inv_mpu.o
    0x08006774   0x000000b8   Code   RO          787    i.mpu_load_firmware  inv_mpu.o
    0x0800682c   0x000000e0   Code   RO          788    i.mpu_lp_accel_mode  inv_mpu.o
    0x0800690c   0x000000c0   Code   RO          791    i.mpu_read_fifo_stream  inv_mpu.o
    0x080069cc   0x00000080   Code   RO          792    i.mpu_read_mem      inv_mpu.o
    0x08006a4c   0x000001c8   Code   RO          795    i.mpu_reset_fifo    inv_mpu.o
    0x08006c14   0x0000011c   Code   RO          796    i.mpu_run_self_test  inv_mpu.o
    0x08006d30   0x00000084   Code   RO          798    i.mpu_set_accel_fsr  inv_mpu.o
    0x08006db4   0x0000014c   Code   RO          799    i.mpu_set_bypass    inv_mpu.o
    0x08006f00   0x00000090   Code   RO          801    i.mpu_set_dmp_state  inv_mpu.o
    0x08006f90   0x00000088   Code   RO          802    i.mpu_set_gyro_fsr  inv_mpu.o
    0x08007018   0x0000006c   Code   RO          803    i.mpu_set_int_latched  inv_mpu.o
    0x08007084   0x00000084   Code   RO          805    i.mpu_set_lpf       inv_mpu.o
    0x08007108   0x0000009c   Code   RO          806    i.mpu_set_sample_rate  inv_mpu.o
    0x080071a4   0x000000d0   Code   RO          807    i.mpu_set_sensors   inv_mpu.o
    0x08007274   0x00000080   Code   RO          808    i.mpu_write_mem     inv_mpu.o
    0x080072f4   0x00000050   Code   RO           22    i.my_itoa           main.o
    0x08007344   0x0000000e   Code   RO          560    i.myabs             motor.o
    0x08007352   0x00000002   PAD
    0x08007354   0x000000ec   Code   RO           23    i.num               main.o
    0x08007440   0x0000006c   Code   RO           24    i.openmv_code       main.o
    0x080074ac   0x000000c8   Code   RO           25    i.pidcon            main.o
    0x08007574   0x0000000a   Code   RO         1293    i.reset_Uk          pid.o
    0x0800757e   0x00000026   Code   RO           26    i.reverse           main.o
    0x080075a4   0x00000094   Code   RO          809    i.run_self_test     inv_mpu.o
    0x08007638   0x00000090   Code   RO          810    i.set_int_enable    inv_mpu.o
    0x080076c8   0x0000004c   Code   RO         3007    i.sqrt              m_ws.l(sqrt.o)
    0x08007714   0x000000a0   Code   RO         1396    i.uart_init         usart.o
    0x080077b4   0x000000a4   Code   RO         1397    i.uart_init2        usart.o
    0x08007858   0x000000b8   Code   RO         1272    i.uart_init4        usart5.o
    0x08007910   0x00000062   Code   RO         2876    x$fpl$d2f           fz_ws.l(d2f.o)
    0x08007972   0x00000002   PAD
    0x08007974   0x00000150   Code   RO         2878    x$fpl$dadd          fz_ws.l(daddsub_clz.o)
    0x08007ac4   0x00000010   Code   RO         3044    x$fpl$dcheck1       fz_ws.l(dcheck1.o)
    0x08007ad4   0x000002b0   Code   RO         2885    x$fpl$ddiv          fz_ws.l(ddiv.o)
    0x08007d84   0x0000002e   Code   RO         2889    x$fpl$dflt          fz_ws.l(dflt_clz.o)
    0x08007db2   0x00000002   PAD
    0x08007db4   0x00000154   Code   RO         2894    x$fpl$dmul          fz_ws.l(dmul.o)
    0x08007f08   0x0000009c   Code   RO         2964    x$fpl$dnaninf       fz_ws.l(dnaninf.o)
    0x08007fa4   0x0000000c   Code   RO         2966    x$fpl$dretinf       fz_ws.l(dretinf.o)
    0x08007fb0   0x00000016   Code   RO         2879    x$fpl$drsb          fz_ws.l(daddsub_clz.o)
    0x08007fc6   0x00000002   PAD
    0x08007fc8   0x000001cc   Code   RO         3048    x$fpl$dsqrt         fz_ws.l(dsqrt_noumaal.o)
    0x08008194   0x000001d4   Code   RO         2880    x$fpl$dsub          fz_ws.l(daddsub_clz.o)
    0x08008368   0x00000056   Code   RO         2896    x$fpl$f2d           fz_ws.l(f2d.o)
    0x080083be   0x00000002   PAD
    0x080083c0   0x000000c4   Code   RO         2898    x$fpl$fadd          fz_ws.l(faddsub_clz.o)
    0x08008484   0x00000018   Code   RO         2968    x$fpl$fcmpinf       fz_ws.l(fcmpi.o)
    0x0800849c   0x00000184   Code   RO         2905    x$fpl$fdiv          fz_ws.l(fdiv.o)
    0x08008620   0x00000068   Code   RO         2908    x$fpl$feqf          fz_ws.l(feqf.o)
    0x08008688   0x00000036   Code   RO         2910    x$fpl$ffix          fz_ws.l(ffix.o)
    0x080086be   0x00000002   PAD
    0x080086c0   0x0000003e   Code   RO         2914    x$fpl$ffixu         fz_ws.l(ffixu.o)
    0x080086fe   0x00000002   PAD
    0x08008700   0x00000030   Code   RO         2919    x$fpl$fflt          fz_ws.l(fflt_clz.o)
    0x08008730   0x00000026   Code   RO         2918    x$fpl$ffltu         fz_ws.l(fflt_clz.o)
    0x08008756   0x00000002   PAD
    0x08008758   0x00000068   Code   RO         2924    x$fpl$fleqf         fz_ws.l(fleqf.o)
    0x080087c0   0x00000102   Code   RO         2926    x$fpl$fmul          fz_ws.l(fmul.o)
    0x080088c2   0x0000008c   Code   RO         2970    x$fpl$fnaninf       fz_ws.l(fnaninf.o)
    0x0800894e   0x0000000a   Code   RO         2972    x$fpl$fretinf       fz_ws.l(fretinf.o)
    0x08008958   0x00000062   Code   RO         2928    x$fpl$frleqf        fz_ws.l(frleqf.o)
    0x080089ba   0x00000014   Code   RO         2899    x$fpl$frsb          fz_ws.l(faddsub_clz.o)
    0x080089ce   0x00000002   PAD
    0x080089d0   0x000000ea   Code   RO         2900    x$fpl$fsub          fz_ws.l(faddsub_clz.o)
    0x08008aba   0x00000064   Code   RO         3069    x$fpl$retnan        fz_ws.l(retnan.o)
    0x08008b1e   0x0000005c   Code   RO         2974    x$fpl$scalbn        fz_ws.l(scalbn.o)
    0x08008b7a   0x00000030   Code   RO         3122    x$fpl$trapveneer    fz_ws.l(trapv.o)
    0x08008baa   0x00000000   Code   RO         2976    x$fpl$usenofp       fz_ws.l(usenofp.o)
    0x08008baa   0x00000002   PAD
    0x08008bac   0x00000050   Data   RO          812    .constdata          inv_mpu.o
    0x08008bfc   0x00000bf6   Data   RO         1114    .constdata          inv_mpu_dmp_motion_driver.o
    0x080097f2   0x00000011   Data   RO         2854    .constdata          c_w.l(__printf_flags_wp.o)
    0x08009803   0x00000005   PAD
    0x08009808   0x00000050   Data   RO         2932    .constdata          m_ws.l(asin.o)
    0x08009858   0x00000098   Data   RO         2979    .constdata          m_ws.l(atan.o)
    0x080098f0   0x00000008   Data   RO         3005    .constdata          m_ws.l(qnan.o)
    0x080098f8   0x0000004d   Data   RO          813    .conststring        inv_mpu.o
    0x08009945   0x00000003   PAD
    0x08009948   0x00000020   Data   RO         3196    Region$$Table       anon$$obj.o


    Execution Region ER_RW (Base: 0x20000000, Size: 0x0000014c, Max: 0xffffffff, ABSOLUTE, COMPRESSED[0x00000034])

    Base Addr    Size         Type   Attr      Idx    E Section Name        Object

    0x20000000   0x000000dd   Data   RW           28    .data               main.o
    0x200000dd   0x00000003   PAD
    0x200000e0   0x00000014   Data   RW          404    .data               system_stm32f10x.o
    0x200000f4   0x00000035   Data   RW          814    .data               inv_mpu.o
    0x20000129   0x00000001   PAD
    0x2000012a   0x00000004   Data   RW         1335    .data               delay.o
    0x2000012e   0x00000002   PAD
    0x20000130   0x00000006   Data   RW         1399    .data               usart.o
    0x20000136   0x00000014   Data   RW         1668    .data               stm32f10x_rcc.o


    Execution Region ER_ZI (Base: 0x2000014c, Size: 0x00000924, Max: 0xffffffff, ABSOLUTE)

    Base Addr    Size         Type   Attr      Idx    E Section Name        Object

    0x2000014c   0x00000090   Zero   RW           27    .bss                main.o
    0x200001dc   0x00000010   Zero   RW         1113    .bss                inv_mpu_dmp_motion_driver.o
    0x200001ec   0x00000090   Zero   RW         1294    .bss                pid.o
    0x2000027c   0x00000190   Zero   RW         1398    .bss                usart.o
    0x2000040c   0x00000060   Zero   RW         3051    .bss                c_w.l(libspace.o)
    0x2000046c   0x00000004   PAD
    0x20000470   0x00000200   Zero   RW         1456    HEAP                startup_stm32f10x_hd.o
    0x20000670   0x00000400   Zero   RW         1455    STACK               startup_stm32f10x_hd.o


==============================================================================

Image component sizes


      Code (inc. data)   RO Data    RW Data    ZI Data      Debug   Object Name

       268         26          0          4          0       2133   delay.o
       996         88          0          0          0       4352   encoder.o
       260          0          0          0          0        721   exti.o
      6864        290        157         53          0      30320   inv_mpu.o
      3096        122       3062          0         16      20318   inv_mpu_dmp_motion_driver.o
       160         20          0          0          0        981   led.o
      5614        800          0        221        144     271459   main.o
       172         22          0          0          0       2013   misc.o
      1590        276          0          0          0       5849   motor.o
       942         30          0          0          0       7921   mpu6050.o
       662        100          0          0          0       4722   mpuiic.o
       546         32          0          0        144       4044   pid.o
        64         26        304          0       1536        784   startup_stm32f10x_hd.o
       160         12          0          0          0       1465   stm32f10x_exti.o
       506         10          0          0          0       4385   stm32f10x_gpio.o
        26          0          0          0          0       3606   stm32f10x_it.o
       340         44          0         20          0       5508   stm32f10x_rcc.o
      2412        264          0          0          0      20585   stm32f10x_tim.o
       646         28          0          0          0       7780   stm32f10x_usart.o
         0          0          0          0          0         32   sys.o
       328         28          0         20          0       2037   system_stm32f10x.o
       468         26          0          0          0       2469   timer.o
       542         42          0          6        400       5377   usart.o
       216         14          0          0          0       1189   usart5.o

    ----------------------------------------------------------------------
     26908       2300       3558        332       2240     410050   Object Totals
         0          0         32          0          0          0   (incl. Generated)
        30          0          3          8          0          0   (incl. Padding)

    ----------------------------------------------------------------------

      Code (inc. data)   RO Data    RW Data    ZI Data      Debug   Library Member Name

        90          0          0          0          0          0   __dczerorl2.o
         8          0          0          0          0         68   __main.o
       312          4         17          0          0         92   __printf_flags_wp.o
        14          0          0          0          0         68   __printf_wp.o
         0          0          0          0          0          0   __rtentry.o
        12          0          0          0          0          0   __rtentry2.o
         6          0          0          0          0          0   __rtentry4.o
        52          8          0          0          0          0   __scatter.o
        28          0          0          0          0          0   __scatter_zi.o
        48          6          0          0          0         96   _printf_char_common.o
        36          4          0          0          0         80   _printf_char_file.o
         6          0          0          0          0          0   _printf_d.o
       120         16          0          0          0         92   _printf_dec.o
       178          0          0          0          0         88   _printf_intcommon.o
         0          0          0          0          0          0   _printf_percent.o
         4          0          0          0          0          0   _printf_percent_end.o
        22          0          0          0          0        100   _rserrno.o
        16          0          0          0          0         68   aeabi_memset.o
        12          0          0          0          0         72   exit.o
         8          0          0          0          0         68   ferror.o
         6          0          0          0          0        152   heapauxi.o
         2          0          0          0          0          0   libinit.o
         2          0          0          0          0          0   libinit2.o
         2          0          0          0          0          0   libshutdown.o
         2          0          0          0          0          0   libshutdown2.o
         8          4          0          0         96         68   libspace.o
        72          0          0          0          0         76   llsdiv.o
       238          0          0          0          0        100   lludivv7m.o
        88          0          0          0          0         76   memcmp.o
        24          4          0          0          0         84   noretval__2printf.o
         8          4          0          0          0         68   rt_errno_addr_intlibspace.o
        68          0          0          0          0         68   rt_memclr.o
        78          0          0          0          0         80   rt_memclr_w.o
       138          0          0          0          0         68   rt_memcpy_v6.o
       100          0          0          0          0         80   rt_memcpy_w.o
         2          0          0          0          0          0   rtexit.o
        10          0          0          0          0          0   rtexit2.o
        74          0          0          0          0         80   sys_stackheap_outer.o
         2          0          0          0          0         68   use_no_semi.o
         2          0          0          0          0         68   use_no_semi_2.o
        98          4          0          0          0         92   d2f.o
       826         16          0          0          0        348   daddsub_clz.o
        16          4          0          0          0         68   dcheck1.o
       688        140          0          0          0        208   ddiv.o
        46          0          0          0          0         68   dflt_clz.o
       340         12          0          0          0        104   dmul.o
       156          4          0          0          0         92   dnaninf.o
        12          0          0          0          0         68   dretinf.o
       460         56          0          0          0        120   dsqrt_noumaal.o
        86          4          0          0          0         84   f2d.o
       450          8          0          0          0        236   faddsub_clz.o
        24          0          0          0          0         68   fcmpi.o
       388         76          0          0          0         96   fdiv.o
       104          4          0          0          0         84   feqf.o
        54          4          0          0          0         84   ffix.o
        62          4          0          0          0         84   ffixu.o
        86          0          0          0          0        136   fflt_clz.o
       104          4          0          0          0         84   fleqf.o
       258          4          0          0          0         84   fmul.o
       140          4          0          0          0         84   fnaninf.o
        10          0          0          0          0         68   fretinf.o
        98          0          0          0          0         68   frleqf.o
       100          0          0          0          0         68   retnan.o
        92          0          0          0          0         68   scalbn.o
        48          0          0          0          0         68   trapv.o
         0          0          0          0          0          0   usenofp.o
       624         52         80          0          0        168   asin.o
       544         70        152          0          0        124   atan.o
       384         38          0          0          0        144   atan2.o
        38          6          0          0          0        272   dunder.o
        40          0          0          0          0         68   fpclassify.o
       170          0          0          0          0         96   poly.o
         0          0          8          0          0          0   qnan.o
        76          0          0          0          0         84   sqrt.o

    ----------------------------------------------------------------------
      8544        564        262          0        100       5616   Library Totals
        24          0          5          0          4          0   (incl. Padding)

    ----------------------------------------------------------------------

      Code (inc. data)   RO Data    RW Data    ZI Data      Debug   Library Name

      1898         50         17          0         96       2028   c_w.l
      4746        348          0          0          0       2632   fz_ws.l
      1876        166        240          0          0        956   m_ws.l

    ----------------------------------------------------------------------
      8544        564        262          0        100       5616   Library Totals

    ----------------------------------------------------------------------

==============================================================================


      Code (inc. data)   RO Data    RW Data    ZI Data      Debug   

     35452       2864       3820        332       2340     401778   Grand Totals
     35452       2864       3820         52       2340     401778   ELF Image Totals (compressed)
     35452       2864       3820         52          0          0   ROM Totals

==============================================================================

    Total RO  Size (Code + RO Data)                39272 (  38.35kB)
    Total RW  Size (RW Data + ZI Data)              2672 (   2.61kB)
    Total ROM Size (Code + RO Data + RW Data)      39324 (  38.40kB)

==============================================================================

